Archive member included because of file (symbol)

/opt/microchip/mplabc32/v2.01/bin/../lib/gcc/pic32mx/4.5.1/libgcc.a(floatunsisf.o)
                              build/default/production/_ext/1728301206/DAS32A.o (__floatunsisf)
/opt/microchip/mplabc32/v2.01/bin/../lib/gcc/pic32mx/4.5.1/../../../../pic32mx/lib/libc.a(memset.o)
                              build/default/production/_ext/1728301206/DAS32A.o (memset)
/opt/microchip/mplabc32/v2.01/bin/../lib/gcc/pic32mx/4.5.1/../../../../pic32mx/lib/libc.a(strlen.o)
                              build/default/production/_ext/1728301206/mylibrary-12-10-19.o (strlen)
/opt/microchip/mplabc32/v2.01/bin/../lib/gcc/pic32mx/4.5.1/../../../../pic32mx/lib/libc.a(general-exception.o)
                              /opt/microchip/mplabc32/v2.01/bin/../lib/gcc/pic32mx/4.5.1/../../../../pic32mx/lib/crt0.o (_general_exception_context)
/opt/microchip/mplabc32/v2.01/bin/../lib/gcc/pic32mx/4.5.1/../../../../pic32mx/lib/libc.a(ctype.o)
                              build/default/production/_ext/1728301206/mylibrary-12-10-19.o (_ctype)
/opt/microchip/mplabc32/v2.01/bin/../lib/gcc/pic32mx/4.5.1/../../../../pic32mx/lib/libc.a(default-general-exception-handler.o)
                              /opt/microchip/mplabc32/v2.01/bin/../lib/gcc/pic32mx/4.5.1/../../../../pic32mx/lib/libc.a(general-exception.o) (_general_exception_handler)
/opt/microchip/mplabc32/v2.01/bin/../lib/gcc/pic32mx/4.5.1/../../../../pic32mx/lib/libc.a(default-bootstrap-exception-handler.o)
                              /opt/microchip/mplabc32/v2.01/bin/../lib/gcc/pic32mx/4.5.1/../../../../pic32mx/lib/crt0.o (_bootstrap_exception_handler)
/opt/microchip/mplabc32/v2.01/bin/../lib/gcc/pic32mx/4.5.1/../../../../pic32mx/lib/libc.a(default-on-reset.o)
                              /opt/microchip/mplabc32/v2.01/bin/../lib/gcc/pic32mx/4.5.1/../../../../pic32mx/lib/crt0.o (_on_reset)
/opt/microchip/mplabc32/v2.01/bin/../lib/gcc/pic32mx/4.5.1/../../../../pic32mx/lib/libc.a(default-on-bootstrap.o)
                              /opt/microchip/mplabc32/v2.01/bin/../lib/gcc/pic32mx/4.5.1/../../../../pic32mx/lib/crt0.o (_on_bootstrap)
/opt/microchip/mplabc32/v2.01/bin/../lib/gcc/pic32mx/4.5.1/../../../../pic32mx/lib/libc.a(default-nmi-handler.o)
                              /opt/microchip/mplabc32/v2.01/bin/../lib/gcc/pic32mx/4.5.1/../../../../pic32mx/lib/crt0.o (_nmi_handler)
/opt/microchip/mplabc32/v2.01/bin/../lib/gcc/pic32mx/4.5.1/../../../../pic32mx/lib/libm.a(fp32.o)
                              build/default/production/_ext/1728301206/mylibrary-12-10-19.o (fpsub)
/opt/microchip/mplabc32/v2.01/bin/../lib/gcc/pic32mx/4.5.1/../../../../pic32mx/lib/libmchp_peripheral_32MX360F512L.a(pcache.o)
                              build/default/production/_ext/1728301206/DAS32A.o (CheKseg0CacheOn)
/opt/microchip/mplabc32/v2.01/bin/../lib/gcc/pic32mx/4.5.1/../../../../pic32mx/lib/libmchp_peripheral_32MX360F512L.a(int_disable_interrupts_lib.o)
                              build/default/production/_ext/1728301206/DAS32A.o (INTDisableInterrupts)
/opt/microchip/mplabc32/v2.01/bin/../lib/gcc/pic32mx/4.5.1/../../../../pic32mx/lib/libmchp_peripheral_32MX360F512L.a(int_restore_interrupts_lib.o)
                              build/default/production/_ext/1728301206/DAS32A.o (INTRestoreInterrupts)

Allocating common symbols
Common symbol       size              file

b_array             0x28              build/default/production/_ext/1728301206/DAS32A.o
Hz_Array_Stage_2    0x28              build/default/production/_ext/1728301206/DAS32A.o
b_stage_array_3     0x28              build/default/production/_ext/1728301206/DAS32A.o
Hz_array            0x28              build/default/production/_ext/1728301206/DAS32A.o
b_array_dummy       0x28              build/default/production/_ext/1728301206/DAS32A.o
Hz_Array_Dummy      0x28              build/default/production/_ext/1728301206/DAS32A.o
b_current           0x28              build/default/production/_ext/1728301206/DAS32A.o
b_stage_array_4     0x28              build/default/production/_ext/1728301206/DAS32A.o
Hz_Array_Stage_1    0x28              build/default/production/_ext/1728301206/DAS32A.o
WT                  0x4               build/default/production/_ext/1728301206/DAS32A.o
b_stage_array_2     0x28              build/default/production/_ext/1728301206/DAS32A.o
Hz_Array_Stage_3    0x28              build/default/production/_ext/1728301206/DAS32A.o
Hz_Dummy_Array_F    0x28              build/default/production/_ext/1728301206/DAS32A.o
Hz_Array_Stage_4    0x28              build/default/production/_ext/1728301206/DAS32A.o
b_stage_array       0x28              build/default/production/_ext/1728301206/DAS32A.o

Microchip PIC32 Memory-Usage Report

kseg0 Program-Memory Usage
section                    address  length [bytes]      (dec)  Description
-------                 ----------  -------------------------  -----------
.text                   0x9d000008         0x6e5c       28252  App's exec code 
.rodata                 0x9d006e64          0x104         260  Read-only const 
.text.general_exception 0x9d006f68           0xd0         208   
.text                   0x9d007038          0x1c0         448  App's exec code 
.dinit                  0x9d0071f8           0x2c          44   
.rodata                 0x9d007224           0x28          40  Read-only const 
.text.INTRestoreInterru 0x9d00724c           0x1c          28   
.text                   0x9d007268           0x18          24  App's exec code 
.text.CheKseg0CacheOff  0x9d007280           0x18          24   
.text.CheKseg0CacheOn   0x9d007298           0x18          24   
.text                   0x9d0072b0           0x10          16  App's exec code 
.text._general_exceptio 0x9d0072c0            0xc          12   
.text._bootstrap_except 0x9d0072cc            0xc          12   
.rodata                 0x9d0072d8            0x8           8  Read-only const 
.text._on_reset         0x9d0072e0            0x8           8   
.text._on_bootstrap     0x9d0072e8            0x8           8   
.text.INTDisableInterru 0x9d0072f0            0x8           8   
      Total kseg0_program_mem used  :      0x72f0       29424  5.6% of 0x80000

kseg0 Boot-Memory Usage
section                    address  length [bytes]      (dec)  Description
-------                 ----------  -------------------------  -----------
         Total kseg0_boot_mem used  :           0           0  <1% of 0x970

Exception-Memory Usage 
section                    address  length [bytes]      (dec)  Description
-------                 ----------  -------------------------  -----------
.app_excpt              0x9fc01180           0x10          16  General-Exception 
          Total exception_mem used  :        0x10          16  0.4% of 0x1000

kseg1 Boot-Memory Usage
section                    address  length [bytes]      (dec)  Description
-------                 ----------  -------------------------  -----------
.reset                  0xbfc00000          0x1f0         496  Reset handler 
.bev_excpt              0xbfc00380           0x10          16  BEV-Exception 
         Total kseg1_boot_mem used  :       0x200         512  43.8% of 0x490
        --------------------------------------------------------------------------
         Total Program Memory used  :      0x7500       29952  5.6% of 0x81e00
        --------------------------------------------------------------------------


kseg1 Data-Memory Usage
section                    address  length [bytes]      (dec)  Description
-------                 ----------  -------------------------  -----------
.sdata                  0xa0000000            0x4           4  Small init data 
.sbss                   0xa0000004           0x18          24  Small uninit data 
.bss                    0xa000001c          0x230         560  Uninitialized data 
         Total kseg1_data_mem used  :       0x24c         588  1.8% of 0x8000
        --------------------------------------------------------------------------
            Total Data Memory used  :       0x24c         588  1.8% of 0x8000
        --------------------------------------------------------------------------


Dynamic Data-Memory Reservation
section                    address  length [bytes]      (dec)  Description
-------                 ----------  -------------------------  -----------
heap                    0xa0000250              0           0  Reserved for heap 
stack                   0xa0000268         0x7d88       32136  Reserved for stack 

        --------------------------------------------------------------------------

Discarded input sections

 .reginfo       0x00000000       0x18 /opt/microchip/mplabc32/v2.01/bin/../lib/gcc/pic32mx/4.5.1/../../../../pic32mx/lib/crt0.o
 .pdr           0x00000000       0xa0 /opt/microchip/mplabc32/v2.01/bin/../lib/gcc/pic32mx/4.5.1/../../../../pic32mx/lib/crt0.o
 .reginfo       0x00000000       0x18 build/default/production/_ext/29028918/LCDlib.o
 .pdr           0x00000000      0x100 build/default/production/_ext/29028918/LCDlib.o
 .reginfo       0x00000000       0x18 build/default/production/_ext/29028918/hal_ADC_pic32mx360f512l .o
 .pdr           0x00000000      0x140 build/default/production/_ext/29028918/hal_ADC_pic32mx360f512l .o
 .reginfo       0x00000000       0x18 build/default/production/_ext/29028918/hal_INT_pic32mx360f512l .o
 .pdr           0x00000000       0xc0 build/default/production/_ext/29028918/hal_INT_pic32mx360f512l .o
 .reginfo       0x00000000       0x18 build/default/production/_ext/29028918/hal_i2c_pic32mx360f512l.o
 .pdr           0x00000000      0x1c0 build/default/production/_ext/29028918/hal_i2c_pic32mx360f512l.o
 .reginfo       0x00000000       0x18 build/default/production/_ext/29028918/hal_spi_pic32mx360f512l.o
 .pdr           0x00000000      0x120 build/default/production/_ext/29028918/hal_spi_pic32mx360f512l.o
 .reginfo       0x00000000       0x18 build/default/production/_ext/29028918/hal_timer_pic32mx360f512l.o
 .pdr           0x00000000      0x160 build/default/production/_ext/29028918/hal_timer_pic32mx360f512l.o
 .reginfo       0x00000000       0x18 build/default/production/_ext/1728301206/ADClib.o
 .pdr           0x00000000       0x40 build/default/production/_ext/1728301206/ADClib.o
 .reginfo       0x00000000       0x18 build/default/production/_ext/1728301206/DAClib.o
 .pdr           0x00000000      0x120 build/default/production/_ext/1728301206/DAClib.o
 .reginfo       0x00000000       0x18 build/default/production/_ext/1728301206/DAS32A.o
 .pdr           0x00000000      0x100 build/default/production/_ext/1728301206/DAS32A.o
 .reginfo       0x00000000       0x18 build/default/production/_ext/1728301206/libSEE.o
 .pdr           0x00000000       0xc0 build/default/production/_ext/1728301206/libSEE.o
 .reginfo       0x00000000       0x18 build/default/production/_ext/1728301206/mylibrary-12-10-19.o
 .pdr           0x00000000      0x1a0 build/default/production/_ext/1728301206/mylibrary-12-10-19.o
 .reginfo       0x00000000       0x18 build/default/production/_ext/1728301206/serallib.o
 .pdr           0x00000000      0x140 build/default/production/_ext/1728301206/serallib.o
 .reginfo       0x00000000       0x18 /opt/microchip/mplabc32/v2.01/bin/../lib/gcc/pic32mx/4.5.1/libgcc.a(floatunsisf.o)
 .pdr           0x00000000       0x20 /opt/microchip/mplabc32/v2.01/bin/../lib/gcc/pic32mx/4.5.1/libgcc.a(floatunsisf.o)
 .reginfo       0x00000000       0x18 /opt/microchip/mplabc32/v2.01/bin/../lib/gcc/pic32mx/4.5.1/../../../../pic32mx/lib/libc.a(memset.o)
 .pdr           0x00000000       0x20 /opt/microchip/mplabc32/v2.01/bin/../lib/gcc/pic32mx/4.5.1/../../../../pic32mx/lib/libc.a(memset.o)
 .reginfo       0x00000000       0x18 /opt/microchip/mplabc32/v2.01/bin/../lib/gcc/pic32mx/4.5.1/../../../../pic32mx/lib/libc.a(strlen.o)
 .pdr           0x00000000       0x20 /opt/microchip/mplabc32/v2.01/bin/../lib/gcc/pic32mx/4.5.1/../../../../pic32mx/lib/libc.a(strlen.o)
 .reginfo       0x00000000       0x18 /opt/microchip/mplabc32/v2.01/bin/../lib/gcc/pic32mx/4.5.1/../../../../pic32mx/lib/libc.a(general-exception.o)
 .pdr           0x00000000       0x20 /opt/microchip/mplabc32/v2.01/bin/../lib/gcc/pic32mx/4.5.1/../../../../pic32mx/lib/libc.a(general-exception.o)
 .reginfo       0x00000000       0x18 /opt/microchip/mplabc32/v2.01/bin/../lib/gcc/pic32mx/4.5.1/../../../../pic32mx/lib/libc.a(ctype.o)
 .pdr           0x00000000        0x0 /opt/microchip/mplabc32/v2.01/bin/../lib/gcc/pic32mx/4.5.1/../../../../pic32mx/lib/libc.a(ctype.o)
 .reginfo       0x00000000       0x18 /opt/microchip/mplabc32/v2.01/bin/../lib/gcc/pic32mx/4.5.1/../../../../pic32mx/lib/libc.a(default-general-exception-handler.o)
 .pdr           0x00000000       0x20 /opt/microchip/mplabc32/v2.01/bin/../lib/gcc/pic32mx/4.5.1/../../../../pic32mx/lib/libc.a(default-general-exception-handler.o)
 .reginfo       0x00000000       0x18 /opt/microchip/mplabc32/v2.01/bin/../lib/gcc/pic32mx/4.5.1/../../../../pic32mx/lib/libc.a(default-bootstrap-exception-handler.o)
 .pdr           0x00000000       0x20 /opt/microchip/mplabc32/v2.01/bin/../lib/gcc/pic32mx/4.5.1/../../../../pic32mx/lib/libc.a(default-bootstrap-exception-handler.o)
 .reginfo       0x00000000       0x18 /opt/microchip/mplabc32/v2.01/bin/../lib/gcc/pic32mx/4.5.1/../../../../pic32mx/lib/libc.a(default-on-reset.o)
 .pdr           0x00000000       0x20 /opt/microchip/mplabc32/v2.01/bin/../lib/gcc/pic32mx/4.5.1/../../../../pic32mx/lib/libc.a(default-on-reset.o)
 .reginfo       0x00000000       0x18 /opt/microchip/mplabc32/v2.01/bin/../lib/gcc/pic32mx/4.5.1/../../../../pic32mx/lib/libc.a(default-on-bootstrap.o)
 .pdr           0x00000000       0x20 /opt/microchip/mplabc32/v2.01/bin/../lib/gcc/pic32mx/4.5.1/../../../../pic32mx/lib/libc.a(default-on-bootstrap.o)
 .reginfo       0x00000000       0x18 /opt/microchip/mplabc32/v2.01/bin/../lib/gcc/pic32mx/4.5.1/../../../../pic32mx/lib/libc.a(default-nmi-handler.o)
 .pdr           0x00000000       0x20 /opt/microchip/mplabc32/v2.01/bin/../lib/gcc/pic32mx/4.5.1/../../../../pic32mx/lib/libc.a(default-nmi-handler.o)
 .reginfo       0x00000000       0x18 /opt/microchip/mplabc32/v2.01/bin/../lib/gcc/pic32mx/4.5.1/../../../../pic32mx/lib/libm.a(fp32.o)
 .pdr           0x00000000        0x0 /opt/microchip/mplabc32/v2.01/bin/../lib/gcc/pic32mx/4.5.1/../../../../pic32mx/lib/libm.a(fp32.o)
 .reginfo       0x00000000       0x18 /opt/microchip/mplabc32/v2.01/bin/../lib/gcc/pic32mx/4.5.1/../../../../pic32mx/lib/libmchp_peripheral_32MX360F512L.a(pcache.o)
 .pdr           0x00000000       0x40 /opt/microchip/mplabc32/v2.01/bin/../lib/gcc/pic32mx/4.5.1/../../../../pic32mx/lib/libmchp_peripheral_32MX360F512L.a(pcache.o)
 .reginfo       0x00000000       0x18 /opt/microchip/mplabc32/v2.01/bin/../lib/gcc/pic32mx/4.5.1/../../../../pic32mx/lib/libmchp_peripheral_32MX360F512L.a(int_disable_interrupts_lib.o)
 .pdr           0x00000000       0x20 /opt/microchip/mplabc32/v2.01/bin/../lib/gcc/pic32mx/4.5.1/../../../../pic32mx/lib/libmchp_peripheral_32MX360F512L.a(int_disable_interrupts_lib.o)
 .reginfo       0x00000000       0x18 /opt/microchip/mplabc32/v2.01/bin/../lib/gcc/pic32mx/4.5.1/../../../../pic32mx/lib/libmchp_peripheral_32MX360F512L.a(int_restore_interrupts_lib.o)
 .pdr           0x00000000       0x20 /opt/microchip/mplabc32/v2.01/bin/../lib/gcc/pic32mx/4.5.1/../../../../pic32mx/lib/libmchp_peripheral_32MX360F512L.a(int_restore_interrupts_lib.o)
 .reginfo       0x00000000       0x18 /opt/microchip/mplabc32/v2.01/bin/../lib/gcc/pic32mx/4.5.1/../../../../pic32mx/lib/./proc/32MX360F512L/processor.o
 .pdr           0x00000000        0x0 /opt/microchip/mplabc32/v2.01/bin/../lib/gcc/pic32mx/4.5.1/../../../../pic32mx/lib/./proc/32MX360F512L/processor.o

Memory Configuration

Name             Origin             Length             Attributes
kseg0_program_mem 0x9d000000         0x00080000         xr
kseg0_boot_mem   0x9fc00490         0x00000970
exception_mem    0x9fc01000         0x00001000
kseg1_boot_mem   0xbfc00000         0x00000490
debug_exec_mem   0xbfc02000         0x00000ff0
config3          0xbfc02ff0         0x00000004
config2          0xbfc02ff4         0x00000004
config1          0xbfc02ff8         0x00000004
config0          0xbfc02ffc         0x00000004
kseg1_data_mem   0xa0000000         0x00008000         w !x
sfrs             0xbf800000         0x00100000
configsfrs       0xbfc02ff0         0x00000010
*default*        0x00000000         0xffffffff

Linker script and memory map

LOAD /opt/microchip/mplabc32/v2.01/bin/../lib/gcc/pic32mx/4.5.1/../../../../pic32mx/lib/crt0.o
LOAD build/default/production/_ext/29028918/LCDlib.o
LOAD build/default/production/_ext/29028918/hal_ADC_pic32mx360f512l .o
LOAD build/default/production/_ext/29028918/hal_INT_pic32mx360f512l .o
LOAD build/default/production/_ext/29028918/hal_i2c_pic32mx360f512l.o
LOAD build/default/production/_ext/29028918/hal_spi_pic32mx360f512l.o
LOAD build/default/production/_ext/29028918/hal_timer_pic32mx360f512l.o
LOAD build/default/production/_ext/1728301206/ADClib.o
LOAD build/default/production/_ext/1728301206/DAClib.o
LOAD build/default/production/_ext/1728301206/DAS32A.o
LOAD build/default/production/_ext/1728301206/libSEE.o
LOAD build/default/production/_ext/1728301206/mylibrary-12-10-19.o
LOAD build/default/production/_ext/1728301206/serallib.o
                0x00000001                __MPLAB_BUILD = 0x1
LOAD /opt/microchip/mplabc32/v2.01/bin/../lib/gcc/pic32mx/4.5.1/libgcc.a
START GROUP
LOAD /opt/microchip/mplabc32/v2.01/bin/../lib/gcc/pic32mx/4.5.1/../../../../pic32mx/lib/libdebug.a
LOAD /opt/microchip/mplabc32/v2.01/bin/../lib/gcc/pic32mx/4.5.1/../../../../pic32mx/lib/libc.a
LOAD /opt/microchip/mplabc32/v2.01/bin/../lib/gcc/pic32mx/4.5.1/../../../../pic32mx/lib/libm.a
LOAD /opt/microchip/mplabc32/v2.01/bin/../lib/gcc/pic32mx/4.5.1/../../../../pic32mx/lib/libe.a
LOAD /opt/microchip/mplabc32/v2.01/bin/../lib/gcc/pic32mx/4.5.1/../../../../pic32mx/lib/libdsp.a
LOAD /opt/microchip/mplabc32/v2.01/bin/../lib/gcc/pic32mx/4.5.1/../../../../pic32mx/lib/libmchp_peripheral.a
LOAD /opt/microchip/mplabc32/v2.01/bin/../lib/gcc/pic32mx/4.5.1/../../../../pic32mx/lib/libmchp_peripheral_32MX360F512L.a
END GROUP
LOAD /opt/microchip/mplabc32/v2.01/bin/../lib/gcc/pic32mx/4.5.1/libgcc.a
                0x00000400                PROVIDE (_min_stack_size, 0x400)
                0x00000000                PROVIDE (_min_heap_size, 0x0)
LOAD /opt/microchip/mplabc32/v2.01/bin/../lib/gcc/pic32mx/4.5.1/../../../../pic32mx/lib/./proc/32MX360F512L/processor.o
                0x00000001                PROVIDE (_vector_spacing, 0x1)
                0x9fc01000                _ebase_address = 0x9fc01000
                0xbfc00000                _RESET_ADDR = 0xbfc00000
                0xbfc00380                _BEV_EXCPT_ADDR = 0xbfc00380
                0xbfc00480                _DBG_EXCPT_ADDR = 0xbfc00480
                0xbfc02000                _DBG_CODE_ADDR = 0xbfc02000
                0x00000ff0                _DBG_CODE_SIZE = 0xff0
                0x9fc01180                _GEN_EXCPT_ADDR = (_ebase_address + 0x180)

.config_BFC02FF0
 *(.config_BFC02FF0)

.config_BFC02FF4
                0xbfc02ff4        0x4
 *(.config_BFC02FF4)
 .config_BFC02FF4
                0xbfc02ff4        0x4 build/default/production/_ext/1728301206/DAS32A.o

.config_BFC02FF8
                0xbfc02ff8        0x4
 *(.config_BFC02FF8)
 .config_BFC02FF8
                0xbfc02ff8        0x4 build/default/production/_ext/1728301206/DAS32A.o

.config_BFC02FFC
                0xbfc02ffc        0x4
 *(.config_BFC02FFC)
 .config_BFC02FFC
                0xbfc02ffc        0x4 build/default/production/_ext/1728301206/DAS32A.o
                0xbfc02000                PROVIDE (_DBG_CODE_ADDR, 0xbfc02000)
                0x00000ff0                PROVIDE (_DBG_CODE_SIZE, 0xff0)

.reset          0xbfc00000      0x1f0
 *(.reset)
 .reset         0xbfc00000       0x10 /opt/microchip/mplabc32/v2.01/bin/../lib/gcc/pic32mx/4.5.1/../../../../pic32mx/lib/crt0.o
                0xbfc00000                _reset
 *(.reset.startup)
 .reset.startup
                0xbfc00010      0x1e0 /opt/microchip/mplabc32/v2.01/bin/../lib/gcc/pic32mx/4.5.1/../../../../pic32mx/lib/crt0.o

.bev_excpt      0xbfc00380       0x10
 *(.bev_handler)
 .bev_handler   0xbfc00380       0x10 /opt/microchip/mplabc32/v2.01/bin/../lib/gcc/pic32mx/4.5.1/../../../../pic32mx/lib/crt0.o

.dbg_excpt      0xbfc00480        0x0
                0xbfc00480                . = (. + DEFINED (_DEBUGGER)?0x8:0x0)

.dbg_code       0xbfc02000        0x0
                0xbfc02000                . = (. + DEFINED (_DEBUGGER)?_DBG_CODE_SIZE:0x0)

.app_excpt      0x9fc01180       0x10
 *(.gen_handler)
 .gen_handler   0x9fc01180       0x10 /opt/microchip/mplabc32/v2.01/bin/../lib/gcc/pic32mx/4.5.1/../../../../pic32mx/lib/crt0.o

.vector_0       0x9fc01200        0x0
 *(.vector_0)
                0x00000001                ASSERT (((_vector_spacing == 0x0) || (SIZEOF (.vector_0) <= (_vector_spacing << 0x5))), function at exception vector 0 too large)

.vector_1       0x9fc01220        0x0
 *(.vector_1)
                0x00000001                ASSERT (((_vector_spacing == 0x0) || (SIZEOF (.vector_1) <= (_vector_spacing << 0x5))), function at exception vector 1 too large)

.vector_2       0x9fc01240        0x0
 *(.vector_2)
                0x00000001                ASSERT (((_vector_spacing == 0x0) || (SIZEOF (.vector_2) <= (_vector_spacing << 0x5))), function at exception vector 2 too large)

.vector_3       0x9fc01260        0x0
 *(.vector_3)
                0x00000001                ASSERT (((_vector_spacing == 0x0) || (SIZEOF (.vector_3) <= (_vector_spacing << 0x5))), function at exception vector 3 too large)

.vector_4       0x9fc01280        0x0
 *(.vector_4)
                0x00000001                ASSERT (((_vector_spacing == 0x0) || (SIZEOF (.vector_4) <= (_vector_spacing << 0x5))), function at exception vector 4 too large)

.vector_5       0x9fc012a0        0x0
 *(.vector_5)
                0x00000001                ASSERT (((_vector_spacing == 0x0) || (SIZEOF (.vector_5) <= (_vector_spacing << 0x5))), function at exception vector 5 too large)

.vector_6       0x9fc012c0        0x0
 *(.vector_6)
                0x00000001                ASSERT (((_vector_spacing == 0x0) || (SIZEOF (.vector_6) <= (_vector_spacing << 0x5))), function at exception vector 6 too large)

.vector_7       0x9fc012e0        0x0
 *(.vector_7)
                0x00000001                ASSERT (((_vector_spacing == 0x0) || (SIZEOF (.vector_7) <= (_vector_spacing << 0x5))), function at exception vector 7 too large)

.vector_8       0x9fc01300        0x0
 *(.vector_8)
                0x00000001                ASSERT (((_vector_spacing == 0x0) || (SIZEOF (.vector_8) <= (_vector_spacing << 0x5))), function at exception vector 8 too large)

.vector_9       0x9fc01320        0x0
 *(.vector_9)
                0x00000001                ASSERT (((_vector_spacing == 0x0) || (SIZEOF (.vector_9) <= (_vector_spacing << 0x5))), function at exception vector 9 too large)

.vector_10      0x9fc01340        0x0
 *(.vector_10)
                0x00000001                ASSERT (((_vector_spacing == 0x0) || (SIZEOF (.vector_10) <= (_vector_spacing << 0x5))), function at exception vector 10 too large)

.vector_11      0x9fc01360        0x0
 *(.vector_11)
                0x00000001                ASSERT (((_vector_spacing == 0x0) || (SIZEOF (.vector_11) <= (_vector_spacing << 0x5))), function at exception vector 11 too large)

.vector_12      0x9fc01380        0x0
 *(.vector_12)
                0x00000001                ASSERT (((_vector_spacing == 0x0) || (SIZEOF (.vector_12) <= (_vector_spacing << 0x5))), function at exception vector 12 too large)

.vector_13      0x9fc013a0        0x0
 *(.vector_13)
                0x00000001                ASSERT (((_vector_spacing == 0x0) || (SIZEOF (.vector_13) <= (_vector_spacing << 0x5))), function at exception vector 13 too large)

.vector_14      0x9fc013c0        0x0
 *(.vector_14)
                0x00000001                ASSERT (((_vector_spacing == 0x0) || (SIZEOF (.vector_14) <= (_vector_spacing << 0x5))), function at exception vector 14 too large)

.vector_15      0x9fc013e0        0x0
 *(.vector_15)
                0x00000001                ASSERT (((_vector_spacing == 0x0) || (SIZEOF (.vector_15) <= (_vector_spacing << 0x5))), function at exception vector 15 too large)

.vector_16      0x9fc01400        0x0
 *(.vector_16)
                0x00000001                ASSERT (((_vector_spacing == 0x0) || (SIZEOF (.vector_16) <= (_vector_spacing << 0x5))), function at exception vector 16 too large)

.vector_17      0x9fc01420        0x0
 *(.vector_17)
                0x00000001                ASSERT (((_vector_spacing == 0x0) || (SIZEOF (.vector_17) <= (_vector_spacing << 0x5))), function at exception vector 17 too large)

.vector_18      0x9fc01440        0x0
 *(.vector_18)
                0x00000001                ASSERT (((_vector_spacing == 0x0) || (SIZEOF (.vector_18) <= (_vector_spacing << 0x5))), function at exception vector 18 too large)

.vector_19      0x9fc01460        0x0
 *(.vector_19)
                0x00000001                ASSERT (((_vector_spacing == 0x0) || (SIZEOF (.vector_19) <= (_vector_spacing << 0x5))), function at exception vector 19 too large)

.vector_20      0x9fc01480        0x0
 *(.vector_20)
                0x00000001                ASSERT (((_vector_spacing == 0x0) || (SIZEOF (.vector_20) <= (_vector_spacing << 0x5))), function at exception vector 20 too large)

.vector_21      0x9fc014a0        0x0
 *(.vector_21)
                0x00000001                ASSERT (((_vector_spacing == 0x0) || (SIZEOF (.vector_21) <= (_vector_spacing << 0x5))), function at exception vector 21 too large)

.vector_22      0x9fc014c0        0x0
 *(.vector_22)
                0x00000001                ASSERT (((_vector_spacing == 0x0) || (SIZEOF (.vector_22) <= (_vector_spacing << 0x5))), function at exception vector 22 too large)

.vector_23      0x9fc014e0        0x0
 *(.vector_23)
                0x00000001                ASSERT (((_vector_spacing == 0x0) || (SIZEOF (.vector_23) <= (_vector_spacing << 0x5))), function at exception vector 23 too large)

.vector_24      0x9fc01500        0x0
 *(.vector_24)
                0x00000001                ASSERT (((_vector_spacing == 0x0) || (SIZEOF (.vector_24) <= (_vector_spacing << 0x5))), function at exception vector 24 too large)

.vector_25      0x9fc01520        0x0
 *(.vector_25)
                0x00000001                ASSERT (((_vector_spacing == 0x0) || (SIZEOF (.vector_25) <= (_vector_spacing << 0x5))), function at exception vector 25 too large)

.vector_26      0x9fc01540        0x0
 *(.vector_26)
                0x00000001                ASSERT (((_vector_spacing == 0x0) || (SIZEOF (.vector_26) <= (_vector_spacing << 0x5))), function at exception vector 26 too large)

.vector_27      0x9fc01560        0x0
 *(.vector_27)
                0x00000001                ASSERT (((_vector_spacing == 0x0) || (SIZEOF (.vector_27) <= (_vector_spacing << 0x5))), function at exception vector 27 too large)

.vector_28      0x9fc01580        0x0
 *(.vector_28)
                0x00000001                ASSERT (((_vector_spacing == 0x0) || (SIZEOF (.vector_28) <= (_vector_spacing << 0x5))), function at exception vector 28 too large)

.vector_29      0x9fc015a0        0x0
 *(.vector_29)
                0x00000001                ASSERT (((_vector_spacing == 0x0) || (SIZEOF (.vector_29) <= (_vector_spacing << 0x5))), function at exception vector 29 too large)

.vector_30      0x9fc015c0        0x0
 *(.vector_30)
                0x00000001                ASSERT (((_vector_spacing == 0x0) || (SIZEOF (.vector_30) <= (_vector_spacing << 0x5))), function at exception vector 30 too large)

.vector_31      0x9fc015e0        0x0
 *(.vector_31)
                0x00000001                ASSERT (((_vector_spacing == 0x0) || (SIZEOF (.vector_31) <= (_vector_spacing << 0x5))), function at exception vector 31 too large)

.vector_32      0x9fc01600        0x0
 *(.vector_32)
                0x00000001                ASSERT (((_vector_spacing == 0x0) || (SIZEOF (.vector_32) <= (_vector_spacing << 0x5))), function at exception vector 32 too large)

.vector_33      0x9fc01620        0x0
 *(.vector_33)
                0x00000001                ASSERT (((_vector_spacing == 0x0) || (SIZEOF (.vector_33) <= (_vector_spacing << 0x5))), function at exception vector 33 too large)

.vector_34      0x9fc01640        0x0
 *(.vector_34)
                0x00000001                ASSERT (((_vector_spacing == 0x0) || (SIZEOF (.vector_34) <= (_vector_spacing << 0x5))), function at exception vector 34 too large)

.vector_35      0x9fc01660        0x0
 *(.vector_35)
                0x00000001                ASSERT (((_vector_spacing == 0x0) || (SIZEOF (.vector_35) <= (_vector_spacing << 0x5))), function at exception vector 35 too large)

.vector_36      0x9fc01680        0x0
 *(.vector_36)
                0x00000001                ASSERT (((_vector_spacing == 0x0) || (SIZEOF (.vector_36) <= (_vector_spacing << 0x5))), function at exception vector 36 too large)

.vector_37      0x9fc016a0        0x0
 *(.vector_37)
                0x00000001                ASSERT (((_vector_spacing == 0x0) || (SIZEOF (.vector_37) <= (_vector_spacing << 0x5))), function at exception vector 37 too large)

.vector_38      0x9fc016c0        0x0
 *(.vector_38)
                0x00000001                ASSERT (((_vector_spacing == 0x0) || (SIZEOF (.vector_38) <= (_vector_spacing << 0x5))), function at exception vector 38 too large)

.vector_39      0x9fc016e0        0x0
 *(.vector_39)
                0x00000001                ASSERT (((_vector_spacing == 0x0) || (SIZEOF (.vector_39) <= (_vector_spacing << 0x5))), function at exception vector 39 too large)

.vector_40      0x9fc01700        0x0
 *(.vector_40)
                0x00000001                ASSERT (((_vector_spacing == 0x0) || (SIZEOF (.vector_40) <= (_vector_spacing << 0x5))), function at exception vector 40 too large)

.vector_41      0x9fc01720        0x0
 *(.vector_41)
                0x00000001                ASSERT (((_vector_spacing == 0x0) || (SIZEOF (.vector_41) <= (_vector_spacing << 0x5))), function at exception vector 41 too large)

.vector_42      0x9fc01740        0x0
 *(.vector_42)
                0x00000001                ASSERT (((_vector_spacing == 0x0) || (SIZEOF (.vector_42) <= (_vector_spacing << 0x5))), function at exception vector 42 too large)

.vector_43      0x9fc01760        0x0
 *(.vector_43)
                0x00000001                ASSERT (((_vector_spacing == 0x0) || (SIZEOF (.vector_43) <= (_vector_spacing << 0x5))), function at exception vector 43 too large)

.vector_44      0x9fc01780        0x0
 *(.vector_44)
                0x00000001                ASSERT (((_vector_spacing == 0x0) || (SIZEOF (.vector_44) <= (_vector_spacing << 0x5))), function at exception vector 44 too large)

.vector_45      0x9fc017a0        0x0
 *(.vector_45)
                0x00000001                ASSERT (((_vector_spacing == 0x0) || (SIZEOF (.vector_45) <= (_vector_spacing << 0x5))), function at exception vector 45 too large)

.vector_46      0x9fc017c0        0x0
 *(.vector_46)
                0x00000001                ASSERT (((_vector_spacing == 0x0) || (SIZEOF (.vector_46) <= (_vector_spacing << 0x5))), function at exception vector 46 too large)

.vector_47      0x9fc017e0        0x0
 *(.vector_47)
                0x00000001                ASSERT (((_vector_spacing == 0x0) || (SIZEOF (.vector_47) <= (_vector_spacing << 0x5))), function at exception vector 47 too large)

.vector_48      0x9fc01800        0x0
 *(.vector_48)
                0x00000001                ASSERT (((_vector_spacing == 0x0) || (SIZEOF (.vector_48) <= (_vector_spacing << 0x5))), function at exception vector 48 too large)

.vector_49      0x9fc01820        0x0
 *(.vector_49)
                0x00000001                ASSERT (((_vector_spacing == 0x0) || (SIZEOF (.vector_49) <= (_vector_spacing << 0x5))), function at exception vector 49 too large)

.vector_50      0x9fc01840        0x0
 *(.vector_50)
                0x00000001                ASSERT (((_vector_spacing == 0x0) || (SIZEOF (.vector_50) <= (_vector_spacing << 0x5))), function at exception vector 50 too large)

.vector_51      0x9fc01860        0x0
 *(.vector_51)
                0x00000001                ASSERT (((_vector_spacing == 0x0) || (SIZEOF (.vector_51) <= (_vector_spacing << 0x5))), function at exception vector 51 too large)

.vector_52      0x9fc01880        0x0
 *(.vector_52)
                0x00000001                ASSERT (((_vector_spacing == 0x0) || (SIZEOF (.vector_52) <= (_vector_spacing << 0x5))), function at exception vector 52 too large)

.vector_53      0x9fc018a0        0x0
 *(.vector_53)
                0x00000001                ASSERT (((_vector_spacing == 0x0) || (SIZEOF (.vector_53) <= (_vector_spacing << 0x5))), function at exception vector 53 too large)

.vector_54      0x9fc018c0        0x0
 *(.vector_54)
                0x00000001                ASSERT (((_vector_spacing == 0x0) || (SIZEOF (.vector_54) <= (_vector_spacing << 0x5))), function at exception vector 54 too large)

.vector_55      0x9fc018e0        0x0
 *(.vector_55)
                0x00000001                ASSERT (((_vector_spacing == 0x0) || (SIZEOF (.vector_55) <= (_vector_spacing << 0x5))), function at exception vector 55 too large)

.vector_56      0x9fc01900        0x0
 *(.vector_56)
                0x00000001                ASSERT (((_vector_spacing == 0x0) || (SIZEOF (.vector_56) <= (_vector_spacing << 0x5))), function at exception vector 56 too large)

.vector_57      0x9fc01920        0x0
 *(.vector_57)
                0x00000001                ASSERT (((_vector_spacing == 0x0) || (SIZEOF (.vector_57) <= (_vector_spacing << 0x5))), function at exception vector 57 too large)

.vector_58      0x9fc01940        0x0
 *(.vector_58)
                0x00000001                ASSERT (((_vector_spacing == 0x0) || (SIZEOF (.vector_58) <= (_vector_spacing << 0x5))), function at exception vector 58 too large)

.vector_59      0x9fc01960        0x0
 *(.vector_59)
                0x00000001                ASSERT (((_vector_spacing == 0x0) || (SIZEOF (.vector_59) <= (_vector_spacing << 0x5))), function at exception vector 59 too large)

.vector_60      0x9fc01980        0x0
 *(.vector_60)
                0x00000001                ASSERT (((_vector_spacing == 0x0) || (SIZEOF (.vector_60) <= (_vector_spacing << 0x5))), function at exception vector 60 too large)

.vector_61      0x9fc019a0        0x0
 *(.vector_61)
                0x00000001                ASSERT (((_vector_spacing == 0x0) || (SIZEOF (.vector_61) <= (_vector_spacing << 0x5))), function at exception vector 61 too large)

.vector_62      0x9fc019c0        0x0
 *(.vector_62)
                0x00000001                ASSERT (((_vector_spacing == 0x0) || (SIZEOF (.vector_62) <= (_vector_spacing << 0x5))), function at exception vector 62 too large)

.vector_63      0x9fc019e0        0x0
 *(.vector_63)
                0x00000001                ASSERT (((_vector_spacing == 0x0) || (SIZEOF (.vector_63) <= (_vector_spacing << 0x5))), function at exception vector 63 too large)

.startup
 *(.startup)

.text
 *(.stub .gnu.linkonce.t.*)
 *(.text.*personality*)
 *(.mips16.fn.*)
 *(.mips16.call.*)
 *(.gnu.warning)

.rodata         0x9d000000        0x0
 *(.rodata.* .gnu.linkonce.r.*)
 *(.rodata1)
                0x9d000000                . = ALIGN (0x4)

.sdata2         0x9fc00490        0x0
 *(.sdata2 .sdata2.* .gnu.linkonce.s2.*)
                0x9fc00490                . = ALIGN (0x4)

.sbss2          0x9fc00490        0x0
 *(.sbss2 .sbss2.* .gnu.linkonce.sb2.*)
                0x9fc00490                . = ALIGN (0x4)

.eh_frame_hdr
 *(.eh_frame_hdr)

.eh_frame
 *(.eh_frame)

.dbg_data       0xa0000000        0x0
                0xa0000000                . = (. + DEFINED (_DEBUGGER)?0x200:0x0)

.persist        0xa0000000        0x0
                0xa0000000                _persist_begin = .
 *(.persist .persist.*)
                0xa0000000                . = ALIGN (0x4)
                0xa0000000                _persist_end = .

.eh_frame
 *(.eh_frame)
                0xa0000000                . = .
                0xa0007ff0                _gp = (ALIGN (0x10) + 0x7ff0)

.got
 *(.got.plt)
 *(.got)

.sdata          0xa0000000        0x4
                0xa0000000                _sdata_begin = .
 *(.sdata .sdata.* .gnu.linkonce.s.*)
 .sdata         0xa0000000        0x4 build/default/production/_ext/1728301206/DAS32A.o
                0xa0000000                LoadCellFlag
                0xa0000004                _sdata_end = .

.lit8
 *(.lit8)

.lit4
 *(.lit4)
                0xa0000004                . = ALIGN (0x4)
                0xa0000004                _data_end = .
                0xa0000004                _bss_begin = .

.sbss           0xa0000004       0x18
                0xa0000004                _sbss_begin = .
 *(.dynsbss)
 *(.sbss .sbss.* .gnu.linkonce.sb.*)
 .sbss          0xa0000004       0x14 build/default/production/_ext/1728301206/DAS32A.o
                0xa0000004                timer_count_value
                0xa0000008                WarningWord
                0xa000000c                mVFloat
                0xa0000010                TachoCount
                0xa0000014                HzFloat
 *(.scommon)
 .scommon       0xa0000018        0x4 build/default/production/_ext/1728301206/DAS32A.o
                0xa0000018                WT
                0xa000001c                _sbss_end = .

.bss            0xa000001c      0x230
 *(.dynbss)
 *(COMMON)
 COMMON         0xa000001c      0x230 build/default/production/_ext/1728301206/DAS32A.o
                0xa000001c                b_array
                0xa0000044                Hz_Array_Stage_2
                0xa000006c                b_stage_array_3
                0xa0000094                Hz_array
                0xa00000bc                b_array_dummy
                0xa00000e4                Hz_Array_Dummy
                0xa000010c                b_current
                0xa0000134                b_stage_array_4
                0xa000015c                Hz_Array_Stage_1
                0xa0000184                b_stage_array_2
                0xa00001ac                Hz_Array_Stage_3
                0xa00001d4                Hz_Dummy_Array_F
                0xa00001fc                Hz_Array_Stage_4
                0xa0000224                b_stage_array
                0xa000024c                . = ALIGN (0x4)
                0xa000024c                . = ALIGN (0x4)
                0xa000024c                _end = .
                0xa000024c                _bss_end = .
                0x00008000                _bmxdudba_address = 0x8000
                0x00008000                _bmxdupba_address = 0x8000

/DISCARD/
 *(.pdr)
 *(.reginfo)
 *(.rel.dyn)
 *(.note.GNU-stack)
 *(.note.GNU-stack)
 *(.gnu_debuglink)
 *(.gnu.lto_*)
 *(.discard)

.stab
 *(.stab)

.stabstr
 *(.stabstr)

.stab.excl
 *(.stab.excl)

.stab.exclstr
 *(.stab.exclstr)

.stab.index
 *(.stab.index)

.stab.indexstr
 *(.stab.indexstr)

.comment        0x00000000      0x1eb
 *(.comment)
 .comment       0x00000000       0x51 build/default/production/_ext/29028918/LCDlib.o
                                 0x52 (size before relaxing)
 .comment       0x00000000       0x52 build/default/production/_ext/29028918/hal_ADC_pic32mx360f512l .o
 .comment       0x00000000       0x52 build/default/production/_ext/29028918/hal_INT_pic32mx360f512l .o
 .comment       0x00000000       0x52 build/default/production/_ext/29028918/hal_i2c_pic32mx360f512l.o
 .comment       0x00000000       0x52 build/default/production/_ext/29028918/hal_spi_pic32mx360f512l.o
 .comment       0x00000000       0x52 build/default/production/_ext/29028918/hal_timer_pic32mx360f512l.o
 .comment       0x00000000       0x52 build/default/production/_ext/1728301206/ADClib.o
 .comment       0x00000000       0x52 build/default/production/_ext/1728301206/DAClib.o
 .comment       0x00000000       0x52 build/default/production/_ext/1728301206/DAS32A.o
 .comment       0x00000000       0x52 build/default/production/_ext/1728301206/libSEE.o
 .comment       0x00000000       0x52 build/default/production/_ext/1728301206/mylibrary-12-10-19.o
 .comment       0x00000000       0x52 build/default/production/_ext/1728301206/serallib.o
 .comment       0x00000000       0x52 /opt/microchip/mplabc32/v2.01/bin/../lib/gcc/pic32mx/4.5.1/libgcc.a(floatunsisf.o)
 .comment       0x00000051       0x55 /opt/microchip/mplabc32/v2.01/bin/../lib/gcc/pic32mx/4.5.1/../../../../pic32mx/lib/libc.a(memset.o)
                                 0x56 (size before relaxing)
 .comment       0x000000a6       0x55 /opt/microchip/mplabc32/v2.01/bin/../lib/gcc/pic32mx/4.5.1/../../../../pic32mx/lib/libc.a(strlen.o)
                                 0x56 (size before relaxing)
 .comment       0x000000fb       0x9f /opt/microchip/mplabc32/v2.01/bin/../lib/gcc/pic32mx/4.5.1/../../../../pic32mx/lib/libc.a(ctype.o)
                                 0xa0 (size before relaxing)
 .comment       0x00000000       0x52 /opt/microchip/mplabc32/v2.01/bin/../lib/gcc/pic32mx/4.5.1/../../../../pic32mx/lib/libc.a(default-general-exception-handler.o)
 .comment       0x00000000       0x52 /opt/microchip/mplabc32/v2.01/bin/../lib/gcc/pic32mx/4.5.1/../../../../pic32mx/lib/libc.a(default-bootstrap-exception-handler.o)
 .comment       0x00000000       0x52 /opt/microchip/mplabc32/v2.01/bin/../lib/gcc/pic32mx/4.5.1/../../../../pic32mx/lib/libc.a(default-on-reset.o)
 .comment       0x00000000       0x52 /opt/microchip/mplabc32/v2.01/bin/../lib/gcc/pic32mx/4.5.1/../../../../pic32mx/lib/libc.a(default-on-bootstrap.o)
 .comment       0x0000019a       0x51 /opt/microchip/mplabc32/v2.01/bin/../lib/gcc/pic32mx/4.5.1/../../../../pic32mx/lib/libmchp_peripheral_32MX360F512L.a(pcache.o)
                                 0x52 (size before relaxing)
 .comment       0x00000000       0x52 /opt/microchip/mplabc32/v2.01/bin/../lib/gcc/pic32mx/4.5.1/../../../../pic32mx/lib/libmchp_peripheral_32MX360F512L.a(int_disable_interrupts_lib.o)
 .comment       0x00000000       0x52 /opt/microchip/mplabc32/v2.01/bin/../lib/gcc/pic32mx/4.5.1/../../../../pic32mx/lib/libmchp_peripheral_32MX360F512L.a(int_restore_interrupts_lib.o)

.debug
 *(.debug)

.line
 *(.line)

.debug_srcinfo
 *(.debug_srcinfo)

.debug_sfnames
 *(.debug_sfnames)

.debug_aranges  0x00000000      0x288
 *(.debug_aranges)
 .debug_aranges
                0x00000000       0x20 build/default/production/_ext/29028918/LCDlib.o
 .debug_aranges
                0x00000020       0x20 build/default/production/_ext/29028918/hal_ADC_pic32mx360f512l .o
 .debug_aranges
                0x00000040       0x20 build/default/production/_ext/29028918/hal_INT_pic32mx360f512l .o
 .debug_aranges
                0x00000060       0x20 build/default/production/_ext/29028918/hal_i2c_pic32mx360f512l.o
 .debug_aranges
                0x00000080       0x20 build/default/production/_ext/29028918/hal_spi_pic32mx360f512l.o
 .debug_aranges
                0x000000a0       0x20 build/default/production/_ext/29028918/hal_timer_pic32mx360f512l.o
 .debug_aranges
                0x000000c0       0x20 build/default/production/_ext/1728301206/ADClib.o
 .debug_aranges
                0x000000e0       0x20 build/default/production/_ext/1728301206/DAClib.o
 .debug_aranges
                0x00000100       0x20 build/default/production/_ext/1728301206/DAS32A.o
 .debug_aranges
                0x00000120       0x20 build/default/production/_ext/1728301206/libSEE.o
 .debug_aranges
                0x00000140       0x20 build/default/production/_ext/1728301206/mylibrary-12-10-19.o
 .debug_aranges
                0x00000160       0x20 build/default/production/_ext/1728301206/serallib.o
 .debug_aranges
                0x00000180       0x20 /opt/microchip/mplabc32/v2.01/bin/../lib/gcc/pic32mx/4.5.1/libgcc.a(floatunsisf.o)
 .debug_aranges
                0x000001a0       0x20 /opt/microchip/mplabc32/v2.01/bin/../lib/gcc/pic32mx/4.5.1/../../../../pic32mx/lib/libc.a(default-general-exception-handler.o)
 .debug_aranges
                0x000001c0       0x20 /opt/microchip/mplabc32/v2.01/bin/../lib/gcc/pic32mx/4.5.1/../../../../pic32mx/lib/libc.a(default-bootstrap-exception-handler.o)
 .debug_aranges
                0x000001e0       0x20 /opt/microchip/mplabc32/v2.01/bin/../lib/gcc/pic32mx/4.5.1/../../../../pic32mx/lib/libc.a(default-on-reset.o)
 .debug_aranges
                0x00000200       0x20 /opt/microchip/mplabc32/v2.01/bin/../lib/gcc/pic32mx/4.5.1/../../../../pic32mx/lib/libc.a(default-on-bootstrap.o)
 .debug_aranges
                0x00000220       0x28 /opt/microchip/mplabc32/v2.01/bin/../lib/gcc/pic32mx/4.5.1/../../../../pic32mx/lib/libmchp_peripheral_32MX360F512L.a(pcache.o)
 .debug_aranges
                0x00000248       0x20 /opt/microchip/mplabc32/v2.01/bin/../lib/gcc/pic32mx/4.5.1/../../../../pic32mx/lib/libmchp_peripheral_32MX360F512L.a(int_disable_interrupts_lib.o)
 .debug_aranges
                0x00000268       0x20 /opt/microchip/mplabc32/v2.01/bin/../lib/gcc/pic32mx/4.5.1/../../../../pic32mx/lib/libmchp_peripheral_32MX360F512L.a(int_restore_interrupts_lib.o)

.debug_pubnames
                0x00000000      0xbdf
 *(.debug_pubnames)
 .debug_pubnames
                0x00000000       0x7b build/default/production/_ext/29028918/LCDlib.o
 .debug_pubnames
                0x0000007b      0x12f build/default/production/_ext/29028918/hal_ADC_pic32mx360f512l .o
 .debug_pubnames
                0x000001aa       0xcf build/default/production/_ext/29028918/hal_INT_pic32mx360f512l .o
 .debug_pubnames
                0x00000279      0x14c build/default/production/_ext/29028918/hal_i2c_pic32mx360f512l.o
 .debug_pubnames
                0x000003c5      0x113 build/default/production/_ext/29028918/hal_spi_pic32mx360f512l.o
 .debug_pubnames
                0x000004d8      0x12a build/default/production/_ext/29028918/hal_timer_pic32mx360f512l.o
 .debug_pubnames
                0x00000602       0x2a build/default/production/_ext/1728301206/ADClib.o
 .debug_pubnames
                0x0000062c       0xb7 build/default/production/_ext/1728301206/DAClib.o
 .debug_pubnames
                0x000006e3      0x228 build/default/production/_ext/1728301206/DAS32A.o
 .debug_pubnames
                0x0000090b       0x64 build/default/production/_ext/1728301206/libSEE.o
 .debug_pubnames
                0x0000096f       0x99 build/default/production/_ext/1728301206/mylibrary-12-10-19.o
 .debug_pubnames
                0x00000a08       0x7a build/default/production/_ext/1728301206/serallib.o
 .debug_pubnames
                0x00000a82       0x24 /opt/microchip/mplabc32/v2.01/bin/../lib/gcc/pic32mx/4.5.1/libgcc.a(floatunsisf.o)
 .debug_pubnames
                0x00000aa6       0x31 /opt/microchip/mplabc32/v2.01/bin/../lib/gcc/pic32mx/4.5.1/../../../../pic32mx/lib/libc.a(default-general-exception-handler.o)
 .debug_pubnames
                0x00000ad7       0x33 /opt/microchip/mplabc32/v2.01/bin/../lib/gcc/pic32mx/4.5.1/../../../../pic32mx/lib/libc.a(default-bootstrap-exception-handler.o)
 .debug_pubnames
                0x00000b0a       0x20 /opt/microchip/mplabc32/v2.01/bin/../lib/gcc/pic32mx/4.5.1/../../../../pic32mx/lib/libc.a(default-on-reset.o)
 .debug_pubnames
                0x00000b2a       0x24 /opt/microchip/mplabc32/v2.01/bin/../lib/gcc/pic32mx/4.5.1/../../../../pic32mx/lib/libc.a(default-on-bootstrap.o)
 .debug_pubnames
                0x00000b4e       0x3b /opt/microchip/mplabc32/v2.01/bin/../lib/gcc/pic32mx/4.5.1/../../../../pic32mx/lib/libmchp_peripheral_32MX360F512L.a(pcache.o)
 .debug_pubnames
                0x00000b89       0x2b /opt/microchip/mplabc32/v2.01/bin/../lib/gcc/pic32mx/4.5.1/../../../../pic32mx/lib/libmchp_peripheral_32MX360F512L.a(int_disable_interrupts_lib.o)
 .debug_pubnames
                0x00000bb4       0x2b /opt/microchip/mplabc32/v2.01/bin/../lib/gcc/pic32mx/4.5.1/../../../../pic32mx/lib/libmchp_peripheral_32MX360F512L.a(int_restore_interrupts_lib.o)

.debug_info     0x00000000     0xa85f
 *(.debug_info .gnu.linkonce.wi.*)
 .debug_info    0x00000000     0x141a build/default/production/_ext/29028918/LCDlib.o
 .debug_info    0x0000141a      0x9cb build/default/production/_ext/29028918/hal_ADC_pic32mx360f512l .o
 .debug_info    0x00001de5      0xacd build/default/production/_ext/29028918/hal_INT_pic32mx360f512l .o
 .debug_info    0x000028b2      0x85b build/default/production/_ext/29028918/hal_i2c_pic32mx360f512l.o
 .debug_info    0x0000310d      0x6e0 build/default/production/_ext/29028918/hal_spi_pic32mx360f512l.o
 .debug_info    0x000037ed      0xcab build/default/production/_ext/29028918/hal_timer_pic32mx360f512l.o
 .debug_info    0x00004498      0x71a build/default/production/_ext/1728301206/ADClib.o
 .debug_info    0x00004bb2     0x1681 build/default/production/_ext/1728301206/DAClib.o
 .debug_info    0x00006233     0x2098 build/default/production/_ext/1728301206/DAS32A.o
 .debug_info    0x000082cb      0x8cd build/default/production/_ext/1728301206/libSEE.o
 .debug_info    0x00008b98      0x684 build/default/production/_ext/1728301206/mylibrary-12-10-19.o
 .debug_info    0x0000921c      0xe8a build/default/production/_ext/1728301206/serallib.o
 .debug_info    0x0000a0a6      0x17f /opt/microchip/mplabc32/v2.01/bin/../lib/gcc/pic32mx/4.5.1/libgcc.a(floatunsisf.o)
 .debug_info    0x0000a225        0x0 /opt/microchip/mplabc32/v2.01/bin/../lib/gcc/pic32mx/4.5.1/../../../../pic32mx/lib/libc.a(ctype.o)
 .debug_info    0x0000a225      0x102 /opt/microchip/mplabc32/v2.01/bin/../lib/gcc/pic32mx/4.5.1/../../../../pic32mx/lib/libc.a(default-general-exception-handler.o)
 .debug_info    0x0000a327      0x106 /opt/microchip/mplabc32/v2.01/bin/../lib/gcc/pic32mx/4.5.1/../../../../pic32mx/lib/libc.a(default-bootstrap-exception-handler.o)
 .debug_info    0x0000a42d       0xe0 /opt/microchip/mplabc32/v2.01/bin/../lib/gcc/pic32mx/4.5.1/../../../../pic32mx/lib/libc.a(default-on-reset.o)
 .debug_info    0x0000a50d       0xe8 /opt/microchip/mplabc32/v2.01/bin/../lib/gcc/pic32mx/4.5.1/../../../../pic32mx/lib/libc.a(default-on-bootstrap.o)
 .debug_info    0x0000a5f5       0xd4 /opt/microchip/mplabc32/v2.01/bin/../lib/gcc/pic32mx/4.5.1/../../../../pic32mx/lib/libmchp_peripheral_32MX360F512L.a(pcache.o)
 .debug_info    0x0000a6c9       0xcb /opt/microchip/mplabc32/v2.01/bin/../lib/gcc/pic32mx/4.5.1/../../../../pic32mx/lib/libmchp_peripheral_32MX360F512L.a(int_disable_interrupts_lib.o)
 .debug_info    0x0000a794       0xcb /opt/microchip/mplabc32/v2.01/bin/../lib/gcc/pic32mx/4.5.1/../../../../pic32mx/lib/libmchp_peripheral_32MX360F512L.a(int_restore_interrupts_lib.o)

.debug_abbrev   0x00000000     0x10fd
 *(.debug_abbrev)
 .debug_abbrev  0x00000000      0x21f build/default/production/_ext/29028918/LCDlib.o
 .debug_abbrev  0x0000021f       0xba build/default/production/_ext/29028918/hal_ADC_pic32mx360f512l .o
 .debug_abbrev  0x000002d9       0xa3 build/default/production/_ext/29028918/hal_INT_pic32mx360f512l .o
 .debug_abbrev  0x0000037c       0xe2 build/default/production/_ext/29028918/hal_i2c_pic32mx360f512l.o
 .debug_abbrev  0x0000045e       0xbc build/default/production/_ext/29028918/hal_spi_pic32mx360f512l.o
 .debug_abbrev  0x0000051a       0xef build/default/production/_ext/29028918/hal_timer_pic32mx360f512l.o
 .debug_abbrev  0x00000609       0xb1 build/default/production/_ext/1728301206/ADClib.o
 .debug_abbrev  0x000006ba      0x1cf build/default/production/_ext/1728301206/DAClib.o
 .debug_abbrev  0x00000889      0x375 build/default/production/_ext/1728301206/DAS32A.o
 .debug_abbrev  0x00000bfe      0x11f build/default/production/_ext/1728301206/libSEE.o
 .debug_abbrev  0x00000d1d      0x14c build/default/production/_ext/1728301206/mylibrary-12-10-19.o
 .debug_abbrev  0x00000e69      0x12f build/default/production/_ext/1728301206/serallib.o
 .debug_abbrev  0x00000f98       0x61 /opt/microchip/mplabc32/v2.01/bin/../lib/gcc/pic32mx/4.5.1/libgcc.a(floatunsisf.o)
 .debug_abbrev  0x00000ff9        0x1 /opt/microchip/mplabc32/v2.01/bin/../lib/gcc/pic32mx/4.5.1/../../../../pic32mx/lib/libc.a(ctype.o)
 .debug_abbrev  0x00000ffa       0x25 /opt/microchip/mplabc32/v2.01/bin/../lib/gcc/pic32mx/4.5.1/../../../../pic32mx/lib/libc.a(default-general-exception-handler.o)
 .debug_abbrev  0x0000101f       0x25 /opt/microchip/mplabc32/v2.01/bin/../lib/gcc/pic32mx/4.5.1/../../../../pic32mx/lib/libc.a(default-bootstrap-exception-handler.o)
 .debug_abbrev  0x00001044       0x25 /opt/microchip/mplabc32/v2.01/bin/../lib/gcc/pic32mx/4.5.1/../../../../pic32mx/lib/libc.a(default-on-reset.o)
 .debug_abbrev  0x00001069       0x25 /opt/microchip/mplabc32/v2.01/bin/../lib/gcc/pic32mx/4.5.1/../../../../pic32mx/lib/libc.a(default-on-bootstrap.o)
 .debug_abbrev  0x0000108e       0x25 /opt/microchip/mplabc32/v2.01/bin/../lib/gcc/pic32mx/4.5.1/../../../../pic32mx/lib/libmchp_peripheral_32MX360F512L.a(pcache.o)
 .debug_abbrev  0x000010b3       0x25 /opt/microchip/mplabc32/v2.01/bin/../lib/gcc/pic32mx/4.5.1/../../../../pic32mx/lib/libmchp_peripheral_32MX360F512L.a(int_disable_interrupts_lib.o)
 .debug_abbrev  0x000010d8       0x25 /opt/microchip/mplabc32/v2.01/bin/../lib/gcc/pic32mx/4.5.1/../../../../pic32mx/lib/libmchp_peripheral_32MX360F512L.a(int_restore_interrupts_lib.o)

.debug_line     0x00000000     0x1baf
 *(.debug_line)
 .debug_line    0x00000000      0x2c4 build/default/production/_ext/29028918/LCDlib.o
 .debug_line    0x000002c4      0x15f build/default/production/_ext/29028918/hal_ADC_pic32mx360f512l .o
 .debug_line    0x00000423      0x1c4 build/default/production/_ext/29028918/hal_INT_pic32mx360f512l .o
 .debug_line    0x000005e7      0x19f build/default/production/_ext/29028918/hal_i2c_pic32mx360f512l.o
 .debug_line    0x00000786      0x16c build/default/production/_ext/29028918/hal_spi_pic32mx360f512l.o
 .debug_line    0x000008f2      0x215 build/default/production/_ext/29028918/hal_timer_pic32mx360f512l.o
 .debug_line    0x00000b07       0xf8 build/default/production/_ext/1728301206/ADClib.o
 .debug_line    0x00000bff      0x23a build/default/production/_ext/1728301206/DAClib.o
 .debug_line    0x00000e39      0x45a build/default/production/_ext/1728301206/DAS32A.o
 .debug_line    0x00001293      0x1a2 build/default/production/_ext/1728301206/libSEE.o
 .debug_line    0x00001435      0x1d6 build/default/production/_ext/1728301206/mylibrary-12-10-19.o
 .debug_line    0x0000160b      0x17b build/default/production/_ext/1728301206/serallib.o
 .debug_line    0x00001786       0x6d /opt/microchip/mplabc32/v2.01/bin/../lib/gcc/pic32mx/4.5.1/libgcc.a(floatunsisf.o)
 .debug_line    0x000017f3        0x0 /opt/microchip/mplabc32/v2.01/bin/../lib/gcc/pic32mx/4.5.1/../../../../pic32mx/lib/libc.a(ctype.o)
 .debug_line    0x000017f3       0xa4 /opt/microchip/mplabc32/v2.01/bin/../lib/gcc/pic32mx/4.5.1/../../../../pic32mx/lib/libc.a(default-general-exception-handler.o)
 .debug_line    0x00001897       0xa6 /opt/microchip/mplabc32/v2.01/bin/../lib/gcc/pic32mx/4.5.1/../../../../pic32mx/lib/libc.a(default-bootstrap-exception-handler.o)
 .debug_line    0x0000193d       0x93 /opt/microchip/mplabc32/v2.01/bin/../lib/gcc/pic32mx/4.5.1/../../../../pic32mx/lib/libc.a(default-on-reset.o)
 .debug_line    0x000019d0       0x97 /opt/microchip/mplabc32/v2.01/bin/../lib/gcc/pic32mx/4.5.1/../../../../pic32mx/lib/libc.a(default-on-bootstrap.o)
 .debug_line    0x00001a67       0x62 /opt/microchip/mplabc32/v2.01/bin/../lib/gcc/pic32mx/4.5.1/../../../../pic32mx/lib/libmchp_peripheral_32MX360F512L.a(pcache.o)
 .debug_line    0x00001ac9       0x73 /opt/microchip/mplabc32/v2.01/bin/../lib/gcc/pic32mx/4.5.1/../../../../pic32mx/lib/libmchp_peripheral_32MX360F512L.a(int_disable_interrupts_lib.o)
 .debug_line    0x00001b3c       0x73 /opt/microchip/mplabc32/v2.01/bin/../lib/gcc/pic32mx/4.5.1/../../../../pic32mx/lib/libmchp_peripheral_32MX360F512L.a(int_restore_interrupts_lib.o)

.debug_frame    0x00000000      0xc90
 *(.debug_frame)
 .debug_frame   0x00000000       0xe4 build/default/production/_ext/29028918/LCDlib.o
 .debug_frame   0x000000e4      0x104 build/default/production/_ext/29028918/hal_ADC_pic32mx360f512l .o
 .debug_frame   0x000001e8       0xa4 build/default/production/_ext/29028918/hal_INT_pic32mx360f512l .o
 .debug_frame   0x0000028c      0x170 build/default/production/_ext/29028918/hal_i2c_pic32mx360f512l.o
 .debug_frame   0x000003fc       0xec build/default/production/_ext/29028918/hal_spi_pic32mx360f512l.o
 .debug_frame   0x000004e8      0x11c build/default/production/_ext/29028918/hal_timer_pic32mx360f512l.o
 .debug_frame   0x00000604       0x48 build/default/production/_ext/1728301206/ADClib.o
 .debug_frame   0x0000064c      0x10c build/default/production/_ext/1728301206/DAClib.o
 .debug_frame   0x00000758       0xf0 build/default/production/_ext/1728301206/DAS32A.o
 .debug_frame   0x00000848       0xb8 build/default/production/_ext/1728301206/libSEE.o
 .debug_frame   0x00000900      0x168 build/default/production/_ext/1728301206/mylibrary-12-10-19.o
 .debug_frame   0x00000a68      0x110 build/default/production/_ext/1728301206/serallib.o
 .debug_frame   0x00000b78       0x28 /opt/microchip/mplabc32/v2.01/bin/../lib/gcc/pic32mx/4.5.1/libgcc.a(floatunsisf.o)
 .debug_frame   0x00000ba0       0x20 /opt/microchip/mplabc32/v2.01/bin/../lib/gcc/pic32mx/4.5.1/../../../../pic32mx/lib/libc.a(default-general-exception-handler.o)
 .debug_frame   0x00000bc0       0x20 /opt/microchip/mplabc32/v2.01/bin/../lib/gcc/pic32mx/4.5.1/../../../../pic32mx/lib/libc.a(default-bootstrap-exception-handler.o)
 .debug_frame   0x00000be0       0x20 /opt/microchip/mplabc32/v2.01/bin/../lib/gcc/pic32mx/4.5.1/../../../../pic32mx/lib/libc.a(default-on-reset.o)
 .debug_frame   0x00000c00       0x20 /opt/microchip/mplabc32/v2.01/bin/../lib/gcc/pic32mx/4.5.1/../../../../pic32mx/lib/libc.a(default-on-bootstrap.o)
 .debug_frame   0x00000c20       0x30 /opt/microchip/mplabc32/v2.01/bin/../lib/gcc/pic32mx/4.5.1/../../../../pic32mx/lib/libmchp_peripheral_32MX360F512L.a(pcache.o)
 .debug_frame   0x00000c50       0x20 /opt/microchip/mplabc32/v2.01/bin/../lib/gcc/pic32mx/4.5.1/../../../../pic32mx/lib/libmchp_peripheral_32MX360F512L.a(int_disable_interrupts_lib.o)
 .debug_frame   0x00000c70       0x20 /opt/microchip/mplabc32/v2.01/bin/../lib/gcc/pic32mx/4.5.1/../../../../pic32mx/lib/libmchp_peripheral_32MX360F512L.a(int_restore_interrupts_lib.o)

.debug_str      0x00000000      0x53c
 *(.debug_str)
 .debug_str     0x00000000       0xe2 build/default/production/_ext/29028918/LCDlib.o
 .debug_str     0x000000e2        0x5 build/default/production/_ext/29028918/hal_ADC_pic32mx360f512l .o
 .debug_str     0x000000e7        0xf build/default/production/_ext/29028918/hal_INT_pic32mx360f512l .o
 .debug_str     0x000000f6       0x19 build/default/production/_ext/29028918/hal_i2c_pic32mx360f512l.o
 .debug_str     0x0000010f        0xb build/default/production/_ext/29028918/hal_spi_pic32mx360f512l.o
 .debug_str     0x0000011a       0x14 build/default/production/_ext/29028918/hal_timer_pic32mx360f512l.o
 .debug_str     0x0000012e        0x0 build/default/production/_ext/1728301206/ADClib.o
 .debug_str     0x0000012e      0x139 build/default/production/_ext/1728301206/DAClib.o
 .debug_str     0x00000267      0x253 build/default/production/_ext/1728301206/DAS32A.o
 .debug_str     0x000004ba       0x14 build/default/production/_ext/1728301206/libSEE.o
 .debug_str     0x000004ce        0xe build/default/production/_ext/1728301206/mylibrary-12-10-19.o
 .debug_str     0x000004dc       0x60 build/default/production/_ext/1728301206/serallib.o
 .debug_str     0x0000053c        0x0 /opt/microchip/mplabc32/v2.01/bin/../lib/gcc/pic32mx/4.5.1/libgcc.a(floatunsisf.o)
 .debug_str     0x0000053c        0x0 /opt/microchip/mplabc32/v2.01/bin/../lib/gcc/pic32mx/4.5.1/../../../../pic32mx/lib/libc.a(ctype.o)
 .debug_str     0x0000053c        0x0 /opt/microchip/mplabc32/v2.01/bin/../lib/gcc/pic32mx/4.5.1/../../../../pic32mx/lib/libc.a(default-general-exception-handler.o)
 .debug_str     0x0000053c        0x0 /opt/microchip/mplabc32/v2.01/bin/../lib/gcc/pic32mx/4.5.1/../../../../pic32mx/lib/libc.a(default-bootstrap-exception-handler.o)
 .debug_str     0x0000053c        0x0 /opt/microchip/mplabc32/v2.01/bin/../lib/gcc/pic32mx/4.5.1/../../../../pic32mx/lib/libc.a(default-on-reset.o)
 .debug_str     0x0000053c        0x0 /opt/microchip/mplabc32/v2.01/bin/../lib/gcc/pic32mx/4.5.1/../../../../pic32mx/lib/libc.a(default-on-bootstrap.o)
 .debug_str     0x0000053c        0x0 /opt/microchip/mplabc32/v2.01/bin/../lib/gcc/pic32mx/4.5.1/../../../../pic32mx/lib/libmchp_peripheral_32MX360F512L.a(pcache.o)
 .debug_str     0x0000053c        0x0 /opt/microchip/mplabc32/v2.01/bin/../lib/gcc/pic32mx/4.5.1/../../../../pic32mx/lib/libmchp_peripheral_32MX360F512L.a(int_disable_interrupts_lib.o)
 .debug_str     0x0000053c        0x0 /opt/microchip/mplabc32/v2.01/bin/../lib/gcc/pic32mx/4.5.1/../../../../pic32mx/lib/libmchp_peripheral_32MX360F512L.a(int_restore_interrupts_lib.o)

.debug_loc      0x00000000       0x68
 *(.debug_loc)
 .debug_loc     0x00000000       0x68 /opt/microchip/mplabc32/v2.01/bin/../lib/gcc/pic32mx/4.5.1/libgcc.a(floatunsisf.o)

.debug_macinfo
 *(.debug_macinfo)

.debug_weaknames
 *(.debug_weaknames)

.debug_funcnames
 *(.debug_funcnames)

.debug_typenames
 *(.debug_typenames)

.debug_varnames
 *(.debug_varnames)

.debug_pubtypes
                0x00000000      0x70b
 *(.debug_pubtypes)
 .debug_pubtypes
                0x00000000       0xbd build/default/production/_ext/29028918/LCDlib.o
 .debug_pubtypes
                0x000000bd       0x5b build/default/production/_ext/29028918/hal_ADC_pic32mx360f512l .o
 .debug_pubtypes
                0x00000118       0x9c build/default/production/_ext/29028918/hal_INT_pic32mx360f512l .o
 .debug_pubtypes
                0x000001b4       0x72 build/default/production/_ext/29028918/hal_i2c_pic32mx360f512l.o
 .debug_pubtypes
                0x00000226       0x51 build/default/production/_ext/29028918/hal_spi_pic32mx360f512l.o
 .debug_pubtypes
                0x00000277       0xb9 build/default/production/_ext/29028918/hal_timer_pic32mx360f512l.o
 .debug_pubtypes
                0x00000330       0x5b build/default/production/_ext/1728301206/ADClib.o
 .debug_pubtypes
                0x0000038b       0xf3 build/default/production/_ext/1728301206/DAClib.o
 .debug_pubtypes
                0x0000047e      0x154 build/default/production/_ext/1728301206/DAS32A.o
 .debug_pubtypes
                0x000005d2       0x75 build/default/production/_ext/1728301206/libSEE.o
 .debug_pubtypes
                0x00000647       0x12 build/default/production/_ext/1728301206/mylibrary-12-10-19.o
 .debug_pubtypes
                0x00000659       0x7e build/default/production/_ext/1728301206/serallib.o
 .debug_pubtypes
                0x000006d7       0x34 /opt/microchip/mplabc32/v2.01/bin/../lib/gcc/pic32mx/4.5.1/libgcc.a(floatunsisf.o)

.debug_ranges   0x00000000       0xa8
 *(.debug_ranges)
 .debug_ranges  0x00000000       0x30 build/default/production/_ext/1728301206/DAS32A.o
 .debug_ranges  0x00000030       0x10 /opt/microchip/mplabc32/v2.01/bin/../lib/gcc/pic32mx/4.5.1/../../../../pic32mx/lib/libc.a(default-general-exception-handler.o)
 .debug_ranges  0x00000040       0x10 /opt/microchip/mplabc32/v2.01/bin/../lib/gcc/pic32mx/4.5.1/../../../../pic32mx/lib/libc.a(default-bootstrap-exception-handler.o)
 .debug_ranges  0x00000050       0x10 /opt/microchip/mplabc32/v2.01/bin/../lib/gcc/pic32mx/4.5.1/../../../../pic32mx/lib/libc.a(default-on-reset.o)
 .debug_ranges  0x00000060       0x10 /opt/microchip/mplabc32/v2.01/bin/../lib/gcc/pic32mx/4.5.1/../../../../pic32mx/lib/libc.a(default-on-bootstrap.o)
 .debug_ranges  0x00000070       0x18 /opt/microchip/mplabc32/v2.01/bin/../lib/gcc/pic32mx/4.5.1/../../../../pic32mx/lib/libmchp_peripheral_32MX360F512L.a(pcache.o)
 .debug_ranges  0x00000088       0x10 /opt/microchip/mplabc32/v2.01/bin/../lib/gcc/pic32mx/4.5.1/../../../../pic32mx/lib/libmchp_peripheral_32MX360F512L.a(int_disable_interrupts_lib.o)
 .debug_ranges  0x00000098       0x10 /opt/microchip/mplabc32/v2.01/bin/../lib/gcc/pic32mx/4.5.1/../../../../pic32mx/lib/libmchp_peripheral_32MX360F512L.a(int_restore_interrupts_lib.o)

.gnu.attributes
                0x00000000       0x10
 *(.gnu.attributes)
 .gnu.attributes
                0x00000000       0x10 build/default/production/_ext/29028918/LCDlib.o
 .gnu.attributes
                0x00000010       0x10 build/default/production/_ext/29028918/hal_ADC_pic32mx360f512l .o
 .gnu.attributes
                0x00000020       0x10 build/default/production/_ext/29028918/hal_INT_pic32mx360f512l .o
 .gnu.attributes
                0x00000030       0x10 build/default/production/_ext/29028918/hal_i2c_pic32mx360f512l.o
 .gnu.attributes
                0x00000040       0x10 build/default/production/_ext/29028918/hal_spi_pic32mx360f512l.o
 .gnu.attributes
                0x00000050       0x10 build/default/production/_ext/29028918/hal_timer_pic32mx360f512l.o
 .gnu.attributes
                0x00000060       0x10 build/default/production/_ext/1728301206/ADClib.o
 .gnu.attributes
                0x00000070       0x10 build/default/production/_ext/1728301206/DAClib.o
 .gnu.attributes
                0x00000080       0x10 build/default/production/_ext/1728301206/DAS32A.o
 .gnu.attributes
                0x00000090       0x10 build/default/production/_ext/1728301206/libSEE.o
 .gnu.attributes
                0x000000a0       0x10 build/default/production/_ext/1728301206/mylibrary-12-10-19.o
 .gnu.attributes
                0x000000b0       0x10 build/default/production/_ext/1728301206/serallib.o
 .gnu.attributes
                0x000000c0       0x10 /opt/microchip/mplabc32/v2.01/bin/../lib/gcc/pic32mx/4.5.1/libgcc.a(floatunsisf.o)
 .gnu.attributes
                0x000000d0       0x10 /opt/microchip/mplabc32/v2.01/bin/../lib/gcc/pic32mx/4.5.1/../../../../pic32mx/lib/libc.a(ctype.o)
 .gnu.attributes
                0x000000e0       0x10 /opt/microchip/mplabc32/v2.01/bin/../lib/gcc/pic32mx/4.5.1/../../../../pic32mx/lib/libc.a(default-general-exception-handler.o)
 .gnu.attributes
                0x000000f0       0x10 /opt/microchip/mplabc32/v2.01/bin/../lib/gcc/pic32mx/4.5.1/../../../../pic32mx/lib/libc.a(default-bootstrap-exception-handler.o)
 .gnu.attributes
                0x00000100       0x10 /opt/microchip/mplabc32/v2.01/bin/../lib/gcc/pic32mx/4.5.1/../../../../pic32mx/lib/libc.a(default-on-reset.o)
 .gnu.attributes
                0x00000110       0x10 /opt/microchip/mplabc32/v2.01/bin/../lib/gcc/pic32mx/4.5.1/../../../../pic32mx/lib/libc.a(default-on-bootstrap.o)
 .gnu.attributes
                0x00000120       0x10 /opt/microchip/mplabc32/v2.01/bin/../lib/gcc/pic32mx/4.5.1/../../../../pic32mx/lib/libmchp_peripheral_32MX360F512L.a(pcache.o)
 .gnu.attributes
                0x00000130       0x10 /opt/microchip/mplabc32/v2.01/bin/../lib/gcc/pic32mx/4.5.1/../../../../pic32mx/lib/libmchp_peripheral_32MX360F512L.a(int_disable_interrupts_lib.o)
 .gnu.attributes
                0x00000140       0x10 /opt/microchip/mplabc32/v2.01/bin/../lib/gcc/pic32mx/4.5.1/../../../../pic32mx/lib/libmchp_peripheral_32MX360F512L.a(int_restore_interrupts_lib.o)
OUTPUT(dist/default/production/DAS32A.X.production.elf elf32-tradlittlemips)
LOAD stack
LOAD data_init

.stack          0xa0000268      0x400
 .stack         0xa0000268      0x400 stack

.bss%z1         0x00000000        0x0
 .bss           0x00000000        0x0 /opt/microchip/mplabc32/v2.01/bin/../lib/gcc/pic32mx/4.5.1/../../../../pic32mx/lib/./proc/32MX360F512L/processor.o

.data%z2        0x00000000        0x0
 .data          0x00000000        0x0 /opt/microchip/mplabc32/v2.01/bin/../lib/gcc/pic32mx/4.5.1/../../../../pic32mx/lib/./proc/32MX360F512L/processor.o

.mdebug.abi32%z3
                0x00000000        0x0
 .mdebug.abi32  0x00000000        0x0 /opt/microchip/mplabc32/v2.01/bin/../lib/gcc/pic32mx/4.5.1/../../../../pic32mx/lib/libmchp_peripheral_32MX360F512L.a(int_restore_interrupts_lib.o)

.bss%z4         0x00000000        0x0
 .bss           0x00000000        0x0 /opt/microchip/mplabc32/v2.01/bin/../lib/gcc/pic32mx/4.5.1/../../../../pic32mx/lib/libmchp_peripheral_32MX360F512L.a(int_restore_interrupts_lib.o)

.data%z5        0x00000000        0x0
 .data          0x00000000        0x0 /opt/microchip/mplabc32/v2.01/bin/../lib/gcc/pic32mx/4.5.1/../../../../pic32mx/lib/libmchp_peripheral_32MX360F512L.a(int_restore_interrupts_lib.o)

.mdebug.abi32%z6
                0x00000000        0x0
 .mdebug.abi32  0x00000000        0x0 /opt/microchip/mplabc32/v2.01/bin/../lib/gcc/pic32mx/4.5.1/../../../../pic32mx/lib/libmchp_peripheral_32MX360F512L.a(int_disable_interrupts_lib.o)

.bss%z7         0x00000000        0x0
 .bss           0x00000000        0x0 /opt/microchip/mplabc32/v2.01/bin/../lib/gcc/pic32mx/4.5.1/../../../../pic32mx/lib/libmchp_peripheral_32MX360F512L.a(int_disable_interrupts_lib.o)

.data%z8        0x00000000        0x0
 .data          0x00000000        0x0 /opt/microchip/mplabc32/v2.01/bin/../lib/gcc/pic32mx/4.5.1/../../../../pic32mx/lib/libmchp_peripheral_32MX360F512L.a(int_disable_interrupts_lib.o)

.mdebug.abi32%z9
                0x00000000        0x0
 .mdebug.abi32  0x00000000        0x0 /opt/microchip/mplabc32/v2.01/bin/../lib/gcc/pic32mx/4.5.1/../../../../pic32mx/lib/libmchp_peripheral_32MX360F512L.a(pcache.o)

.bss%z10        0x00000000        0x0
 .bss           0x00000000        0x0 /opt/microchip/mplabc32/v2.01/bin/../lib/gcc/pic32mx/4.5.1/../../../../pic32mx/lib/libmchp_peripheral_32MX360F512L.a(pcache.o)

.data%z11       0x00000000        0x0
 .data          0x00000000        0x0 /opt/microchip/mplabc32/v2.01/bin/../lib/gcc/pic32mx/4.5.1/../../../../pic32mx/lib/libmchp_peripheral_32MX360F512L.a(pcache.o)

.bss%z12        0x00000000        0x0
 .bss           0x00000000        0x0 /opt/microchip/mplabc32/v2.01/bin/../lib/gcc/pic32mx/4.5.1/../../../../pic32mx/lib/libm.a(fp32.o)

.data%z13       0x00000000        0x0
 .data          0x00000000        0x0 /opt/microchip/mplabc32/v2.01/bin/../lib/gcc/pic32mx/4.5.1/../../../../pic32mx/lib/libm.a(fp32.o)

.bss%z14        0x00000000        0x0
 .bss           0x00000000        0x0 /opt/microchip/mplabc32/v2.01/bin/../lib/gcc/pic32mx/4.5.1/../../../../pic32mx/lib/libc.a(default-nmi-handler.o)

.data%z15       0x00000000        0x0
 .data          0x00000000        0x0 /opt/microchip/mplabc32/v2.01/bin/../lib/gcc/pic32mx/4.5.1/../../../../pic32mx/lib/libc.a(default-nmi-handler.o)

.mdebug.abi32%z16
                0x00000000        0x0
 .mdebug.abi32  0x00000000        0x0 /opt/microchip/mplabc32/v2.01/bin/../lib/gcc/pic32mx/4.5.1/../../../../pic32mx/lib/libc.a(default-on-bootstrap.o)

.bss%z17        0x00000000        0x0
 .bss           0x00000000        0x0 /opt/microchip/mplabc32/v2.01/bin/../lib/gcc/pic32mx/4.5.1/../../../../pic32mx/lib/libc.a(default-on-bootstrap.o)

.data%z18       0x00000000        0x0
 .data          0x00000000        0x0 /opt/microchip/mplabc32/v2.01/bin/../lib/gcc/pic32mx/4.5.1/../../../../pic32mx/lib/libc.a(default-on-bootstrap.o)

.mdebug.abi32%z19
                0x00000000        0x0
 .mdebug.abi32  0x00000000        0x0 /opt/microchip/mplabc32/v2.01/bin/../lib/gcc/pic32mx/4.5.1/../../../../pic32mx/lib/libc.a(default-on-reset.o)

.bss%z20        0x00000000        0x0
 .bss           0x00000000        0x0 /opt/microchip/mplabc32/v2.01/bin/../lib/gcc/pic32mx/4.5.1/../../../../pic32mx/lib/libc.a(default-on-reset.o)

.data%z21       0x00000000        0x0
 .data          0x00000000        0x0 /opt/microchip/mplabc32/v2.01/bin/../lib/gcc/pic32mx/4.5.1/../../../../pic32mx/lib/libc.a(default-on-reset.o)

.mdebug.abi32%z22
                0x00000000        0x0
 .mdebug.abi32  0x00000000        0x0 /opt/microchip/mplabc32/v2.01/bin/../lib/gcc/pic32mx/4.5.1/../../../../pic32mx/lib/libc.a(default-bootstrap-exception-handler.o)

.bss%z23        0x00000000        0x0
 .bss           0x00000000        0x0 /opt/microchip/mplabc32/v2.01/bin/../lib/gcc/pic32mx/4.5.1/../../../../pic32mx/lib/libc.a(default-bootstrap-exception-handler.o)

.data%z24       0x00000000        0x0
 .data          0x00000000        0x0 /opt/microchip/mplabc32/v2.01/bin/../lib/gcc/pic32mx/4.5.1/../../../../pic32mx/lib/libc.a(default-bootstrap-exception-handler.o)

.mdebug.abi32%z25
                0x00000000        0x0
 .mdebug.abi32  0x00000000        0x0 /opt/microchip/mplabc32/v2.01/bin/../lib/gcc/pic32mx/4.5.1/../../../../pic32mx/lib/libc.a(default-general-exception-handler.o)

.bss%z26        0x00000000        0x0
 .bss           0x00000000        0x0 /opt/microchip/mplabc32/v2.01/bin/../lib/gcc/pic32mx/4.5.1/../../../../pic32mx/lib/libc.a(default-general-exception-handler.o)

.data%z27       0x00000000        0x0
 .data          0x00000000        0x0 /opt/microchip/mplabc32/v2.01/bin/../lib/gcc/pic32mx/4.5.1/../../../../pic32mx/lib/libc.a(default-general-exception-handler.o)

.mdebug.abi32%z28
                0x00000000        0x0
 .mdebug.abi32  0x00000000        0x0 /opt/microchip/mplabc32/v2.01/bin/../lib/gcc/pic32mx/4.5.1/../../../../pic32mx/lib/libc.a(ctype.o)

.bss%z29        0x00000000        0x0
 .bss           0x00000000        0x0 /opt/microchip/mplabc32/v2.01/bin/../lib/gcc/pic32mx/4.5.1/../../../../pic32mx/lib/libc.a(ctype.o)

.data%z30       0x00000000        0x0
 .data          0x00000000        0x0 /opt/microchip/mplabc32/v2.01/bin/../lib/gcc/pic32mx/4.5.1/../../../../pic32mx/lib/libc.a(ctype.o)

.bss%z31        0x00000000        0x0
 .bss           0x00000000        0x0 /opt/microchip/mplabc32/v2.01/bin/../lib/gcc/pic32mx/4.5.1/../../../../pic32mx/lib/libc.a(general-exception.o)

.data%z32       0x00000000        0x0
 .data          0x00000000        0x0 /opt/microchip/mplabc32/v2.01/bin/../lib/gcc/pic32mx/4.5.1/../../../../pic32mx/lib/libc.a(general-exception.o)

.bss%z33        0x00000000        0x0
 .bss           0x00000000        0x0 /opt/microchip/mplabc32/v2.01/bin/../lib/gcc/pic32mx/4.5.1/../../../../pic32mx/lib/libc.a(strlen.o)

.data%z34       0x00000000        0x0
 .data          0x00000000        0x0 /opt/microchip/mplabc32/v2.01/bin/../lib/gcc/pic32mx/4.5.1/../../../../pic32mx/lib/libc.a(strlen.o)

.bss%z35        0x00000000        0x0
 .bss           0x00000000        0x0 /opt/microchip/mplabc32/v2.01/bin/../lib/gcc/pic32mx/4.5.1/../../../../pic32mx/lib/libc.a(memset.o)

.data%z36       0x00000000        0x0
 .data          0x00000000        0x0 /opt/microchip/mplabc32/v2.01/bin/../lib/gcc/pic32mx/4.5.1/../../../../pic32mx/lib/libc.a(memset.o)

.mdebug.abi32%z37
                0x00000000        0x0
 .mdebug.abi32  0x00000000        0x0 /opt/microchip/mplabc32/v2.01/bin/../lib/gcc/pic32mx/4.5.1/libgcc.a(floatunsisf.o)

.bss%z38        0x00000000        0x0
 .bss           0x00000000        0x0 /opt/microchip/mplabc32/v2.01/bin/../lib/gcc/pic32mx/4.5.1/libgcc.a(floatunsisf.o)

.data%z39       0x00000000        0x0
 .data          0x00000000        0x0 /opt/microchip/mplabc32/v2.01/bin/../lib/gcc/pic32mx/4.5.1/libgcc.a(floatunsisf.o)

.mdebug.abi32%z40
                0x00000000        0x0
 .mdebug.abi32  0x00000000        0x0 build/default/production/_ext/1728301206/serallib.o

.bss%z41        0x00000000        0x0
 .bss           0x00000000        0x0 build/default/production/_ext/1728301206/serallib.o

.data%z42       0x00000000        0x0
 .data          0x00000000        0x0 build/default/production/_ext/1728301206/serallib.o

.mdebug.abi32%z43
                0x00000000        0x0
 .mdebug.abi32  0x00000000        0x0 build/default/production/_ext/1728301206/mylibrary-12-10-19.o

.bss%z44        0x00000000        0x0
 .bss           0x00000000        0x0 build/default/production/_ext/1728301206/mylibrary-12-10-19.o

.data%z45       0x00000000        0x0
 .data          0x00000000        0x0 build/default/production/_ext/1728301206/mylibrary-12-10-19.o

.mdebug.abi32%z46
                0x00000000        0x0
 .mdebug.abi32  0x00000000        0x0 build/default/production/_ext/1728301206/libSEE.o

.bss%z47        0x00000000        0x0
 .bss           0x00000000        0x0 build/default/production/_ext/1728301206/libSEE.o

.data%z48       0x00000000        0x0
 .data          0x00000000        0x0 build/default/production/_ext/1728301206/libSEE.o

.mdebug.abi32%z49
                0x00000000        0x0
 .mdebug.abi32  0x00000000        0x0 build/default/production/_ext/1728301206/DAS32A.o

.bss%z50        0x00000000        0x0
 .bss           0x00000000        0x0 build/default/production/_ext/1728301206/DAS32A.o

.data%z51       0x00000000        0x0
 .data          0x00000000        0x0 build/default/production/_ext/1728301206/DAS32A.o

.mdebug.abi32%z52
                0x00000000        0x0
 .mdebug.abi32  0x00000000        0x0 build/default/production/_ext/1728301206/DAClib.o

.bss%z53        0x00000000        0x0
 .bss           0x00000000        0x0 build/default/production/_ext/1728301206/DAClib.o

.data%z54       0x00000000        0x0
 .data          0x00000000        0x0 build/default/production/_ext/1728301206/DAClib.o

.mdebug.abi32%z55
                0x00000000        0x0
 .mdebug.abi32  0x00000000        0x0 build/default/production/_ext/1728301206/ADClib.o

.bss%z56        0x00000000        0x0
 .bss           0x00000000        0x0 build/default/production/_ext/1728301206/ADClib.o

.data%z57       0x00000000        0x0
 .data          0x00000000        0x0 build/default/production/_ext/1728301206/ADClib.o

.mdebug.abi32%z58
                0x00000000        0x0
 .mdebug.abi32  0x00000000        0x0 build/default/production/_ext/29028918/hal_timer_pic32mx360f512l.o

.bss%z59        0x00000000        0x0
 .bss           0x00000000        0x0 build/default/production/_ext/29028918/hal_timer_pic32mx360f512l.o

.data%z60       0x00000000        0x0
 .data          0x00000000        0x0 build/default/production/_ext/29028918/hal_timer_pic32mx360f512l.o

.mdebug.abi32%z61
                0x00000000        0x0
 .mdebug.abi32  0x00000000        0x0 build/default/production/_ext/29028918/hal_spi_pic32mx360f512l.o

.bss%z62        0x00000000        0x0
 .bss           0x00000000        0x0 build/default/production/_ext/29028918/hal_spi_pic32mx360f512l.o

.data%z63       0x00000000        0x0
 .data          0x00000000        0x0 build/default/production/_ext/29028918/hal_spi_pic32mx360f512l.o

.mdebug.abi32%z64
                0x00000000        0x0
 .mdebug.abi32  0x00000000        0x0 build/default/production/_ext/29028918/hal_i2c_pic32mx360f512l.o

.bss%z65        0x00000000        0x0
 .bss           0x00000000        0x0 build/default/production/_ext/29028918/hal_i2c_pic32mx360f512l.o

.data%z66       0x00000000        0x0
 .data          0x00000000        0x0 build/default/production/_ext/29028918/hal_i2c_pic32mx360f512l.o

.mdebug.abi32%z67
                0x00000000        0x0
 .mdebug.abi32  0x00000000        0x0 build/default/production/_ext/29028918/hal_INT_pic32mx360f512l .o

.bss%z68        0x00000000        0x0
 .bss           0x00000000        0x0 build/default/production/_ext/29028918/hal_INT_pic32mx360f512l .o

.data%z69       0x00000000        0x0
 .data          0x00000000        0x0 build/default/production/_ext/29028918/hal_INT_pic32mx360f512l .o

.mdebug.abi32%z70
                0x00000000        0x0
 .mdebug.abi32  0x00000000        0x0 build/default/production/_ext/29028918/hal_ADC_pic32mx360f512l .o

.bss%z71        0x00000000        0x0
 .bss           0x00000000        0x0 build/default/production/_ext/29028918/hal_ADC_pic32mx360f512l .o

.data%z72       0x00000000        0x0
 .data          0x00000000        0x0 build/default/production/_ext/29028918/hal_ADC_pic32mx360f512l .o

.mdebug.abi32%z73
                0x00000000        0x0
 .mdebug.abi32  0x00000000        0x0 build/default/production/_ext/29028918/LCDlib.o

.bss%z74        0x00000000        0x0
 .bss           0x00000000        0x0 build/default/production/_ext/29028918/LCDlib.o

.data%z75       0x00000000        0x0
 .data          0x00000000        0x0 build/default/production/_ext/29028918/LCDlib.o

.bss%z76        0x00000000        0x0
 .bss           0x00000000        0x0 /opt/microchip/mplabc32/v2.01/bin/../lib/gcc/pic32mx/4.5.1/../../../../pic32mx/lib/crt0.o

.data%z77       0x00000000        0x0
 .data          0x00000000        0x0 /opt/microchip/mplabc32/v2.01/bin/../lib/gcc/pic32mx/4.5.1/../../../../pic32mx/lib/crt0.o

.text           0x9d000008     0x6e5c
 .text          0x9d000008     0x177c build/default/production/_ext/1728301206/DAS32A.o
                0x9d000008                initHW
                0x9d000448                initT45
                0x9d0004bc                initT32
                0x9d000530                stop_T32
                0x9d00058c                start_T32
                0x9d0005bc                restart_T32
                0x9d000604                LoadCellAndTacho
                0x9d001660                main
 .text          0x9d001784      0xfe4 build/default/production/_ext/1728301206/mylibrary-12-10-19.o
                0x9d001784                Reverse
                0x9d00183c                reverse
                0x9d001900                intToStr
                0x9d001a70                ftoa
                0x9d001c84                power
                0x9d001d2c                atoi
                0x9d001e90                atoiP
                0x9d001fc0                itoa
                0x9d0020e8                atof
                0x9d002380                qsorti
                0x9d0024dc                swapi
                0x9d002560                qsortf
                0x9d0026e4                swapf
 .text          0x9d002768      0xc0c build/default/production/_ext/29028918/hal_timer_pic32mx360f512l.o
                0x9d002768                hal_config_timer
                0x9d00289c                hal_config_timer_pre_scalar
                0x9d0028e4                hal_config_timer_T32
                0x9d00295c                hal_config_timer_TCS
                0x9d0029d4                hal_timer_write_PR
                0x9d002a08                hal_timer_write_TMR
                0x9d002a3c                hal_timer_read_TMR
                0x9d002a70                hal_config_timer_on_off
                0x9d002ae4                hal_config_timer_it
                0x9d002f4c                hal_config_timer_it_EI
                0x9d003214                hal_timer_clear_it_flag
 .text          0x9d003374      0x910 build/default/production/_ext/29028918/hal_INT_pic32mx360f512l .o
                0x9d003374                hal_clear_ext_int_flag
                0x9d003474                hal_config_ext_int_edge_select
                0x9d0036d0                hal_config_ext_int_prority
                0x9d00381c                hal_config_ext_int_sub_prority
                0x9d003968                hal_config_ext_int_enable_disable
                0x9d003bc4                hal_config_ext_int
 .text          0x9d003c84      0x8ec /opt/microchip/mplabc32/v2.01/bin/../lib/gcc/pic32mx/4.5.1/../../../../pic32mx/lib/libm.a(fp32.o)
                0x9d003c84                __subsf3
                0x9d003c84                fpsub
                0x9d003c8c                fpadd
                0x9d003c8c                __addsf3
                0x9d003ef8                __mulsf3
                0x9d003ef8                fpmul
                0x9d0040b0                __divsf3
                0x9d0040b0                fpdiv
                0x9d0042dc                sitofp
                0x9d0042dc                __floatsisf
                0x9d0042dc                litofp
                0x9d004338                uitofp
                0x9d004338                ultofp
                0x9d004384                __fixsfsi
                0x9d004384                fptoli
                0x9d004384                fptosi
                0x9d0043fc                fptoui
                0x9d0043fc                __fixunssfsi
                0x9d0043fc                fptoul
                0x9d004470                __lesf2
                0x9d004470                __nesf2
                0x9d004470                __gtsf2
                0x9d004470                __eqsf2
                0x9d004470                __ltsf2
                0x9d004470                fpcmp
                0x9d004470                __gesf2
                0x9d004504                fabsf
                0x9d004504                fpfabs
                0x9d004514                __negsf2
                0x9d004524                fpnan
                0x9d004524                nanf
 .text          0x9d004570      0x7d4 build/default/production/_ext/1728301206/DAClib.o
                0x9d004570                FourToTwenty1
                0x9d004614                FourToTwenty2
                0x9d0046b8                FourToTwenty3
                0x9d00475c                FourToTwentyDrive1
                0x9d0047b8                FourToTwentyDrive2
                0x9d004820                FourToTwentyDrive3
                0x9d004888                writeDAC1
                0x9d004a1c                writeDAC2
                0x9d004bb0                writeDAC3
 .text          0x9d004d44      0x750 build/default/production/_ext/29028918/LCDlib.o
                0x9d004d44                initLCD
                0x9d004f0c                initLCDNoBlink
                0x9d0050d4                readLCD
                0x9d00515c                writeLCD
                0x9d0051fc                putsLCD
                0x9d00533c                putsLCD4
                0x9d0053a4                Delayms
                0x9d005420                Delayus
 .text          0x9d005494      0x70c build/default/production/_ext/29028918/hal_i2c_pic32mx360f512l.o
                0x9d005494                hal_config_i2c
                0x9d0054f4                hal_config_i2c_brg
                0x9d005528                hal_config_i2c_on_off
                0x9d00559c                hal_i2c_send_start
                0x9d00560c                hal_i2c_send_stop
                0x9d005678                hal_i2c_send_restart
                0x9d0056e4                hal_i2c_send_ack
                0x9d005764                hal_i2c_send_nack
                0x9d0057f0                hal_i2c_enable_receive
                0x9d005844                hal_i2c_check_ack_status
                0x9d005874                hal_i2c_put_data
                0x9d0058e4                hal_i2c_get_gata
                0x9d005948                hal_i2c_write
                0x9d005a58                hal_i2c_read
 .text          0x9d005ba0      0x500 build/default/production/_ext/29028918/hal_spi_pic32mx360f512l.o
                0x9d005ba0                hal_config_spi_master_slave
                0x9d005c18                hal_config_spi_mode
                0x9d005d64                hal_config_spi_brg
                0x9d005d98                hal_config_spi_sdo_enable_disable
                0x9d005e10                hal_config_spi_sdi_enable_disable
                0x9d005e88                hal_config_spi_smp_set_reset
                0x9d005f00                hal_config_spi_on_off
                0x9d005f74                hal_write_read_spi
                0x9d005fc8                _hal_config_spi
 .text          0x9d0060a0      0x480 build/default/production/_ext/1728301206/serallib.o
                0x9d0060a0                initU1
                0x9d006104                putU1
                0x9d006168                getU1
                0x9d0061d0                U1puts
                0x9d006240                getsnU1
                0x9d0062e0                initU2
                0x9d006344                putU2
                0x9d0063a8                getU2
                0x9d006410                puts
                0x9d006480                getsn
 .text          0x9d006520      0x434 build/default/production/_ext/29028918/hal_ADC_pic32mx360f512l .o
                0x9d006520                hal_config_adc10
                0x9d006620                hal_config_adc10_idle_state
                0x9d006688                hal_config_adc10_opformat
                0x9d0066d4                hal_config_adc10_conversion
                0x9d006720                hal_config_adc10_clk
                0x9d006788                hal_config_adc10_auto_samp
                0x9d0067f0                hal_config_adc10_samp_time
                0x9d00683c                hal_config_adc10_port_config
                0x9d006870                hal_config_adc10_on_off
                0x9d0068e4                hal_adc10_read_AD
 .text          0x9d006954      0x3a8 build/default/production/_ext/1728301206/libSEE.o
                0x9d006954                initSEE
                0x9d0069e8                writeSPI2
                0x9d006a34                readStatus
                0x9d006aa0                readSEE
                0x9d006bb0                writeEnable
                0x9d006c08                writeSEE
 .text          0x9d006cfc      0x168 /opt/microchip/mplabc32/v2.01/bin/../lib/gcc/pic32mx/4.5.1/../../../../pic32mx/lib/libc.a(strlen.o)
                0x9d006cfc                strlen

.rodata         0x9d006e64      0x104
 .rodata        0x9d006e64      0x104 /opt/microchip/mplabc32/v2.01/bin/../lib/gcc/pic32mx/4.5.1/../../../../pic32mx/lib/libc.a(ctype.o)
                0x9d006e64                _ctype

.text.general_exception
                0x9d006f68       0xd0
 .text.general_exception
                0x9d006f68       0xd0 /opt/microchip/mplabc32/v2.01/bin/../lib/gcc/pic32mx/4.5.1/../../../../pic32mx/lib/libc.a(general-exception.o)
                0x9d006f68                _general_exception_context

.text           0x9d007038      0x1c0
 .text          0x9d007038       0xcc build/default/production/_ext/1728301206/ADClib.o
                0x9d007038                initADC
                0x9d0070bc                readADC
 .text          0x9d007104       0xa8 /opt/microchip/mplabc32/v2.01/bin/../lib/gcc/pic32mx/4.5.1/../../../../pic32mx/lib/libc.a(memset.o)
                0x9d007104                memset
 .text          0x9d0071ac       0x4c /opt/microchip/mplabc32/v2.01/bin/../lib/gcc/pic32mx/4.5.1/libgcc.a(floatunsisf.o)
                0x9d0071ac                __floatunsisf

.dinit          0x9d0071f8       0x2c
 .dinit         0x9d0071f8       0x2c data_init

.rodata         0x9d007224       0x28
 .rodata        0x9d007224       0x28 build/default/production/_ext/1728301206/DAS32A.o
                0x9d007224                WeightFilter
                0x9d007228                SpeedFilter
                0x9d00722c                StaticAmpGain
                0x9d007230                DigitalMax

.text.INTRestoreInterrupts
                0x9d00724c       0x1c
 .text.INTRestoreInterrupts
                0x9d00724c       0x1c /opt/microchip/mplabc32/v2.01/bin/../lib/gcc/pic32mx/4.5.1/../../../../pic32mx/lib/libmchp_peripheral_32MX360F512L.a(int_restore_interrupts_lib.o)
                0x9d00724c                INTRestoreInterrupts

.text           0x9d007268       0x18
 .text          0x9d007268       0x18 /opt/microchip/mplabc32/v2.01/bin/../lib/gcc/pic32mx/4.5.1/../../../../pic32mx/lib/libc.a(default-nmi-handler.o)
                0x9d007268                _nmi_handler

.text.CheKseg0CacheOff
                0x9d007280       0x18
 .text.CheKseg0CacheOff
                0x9d007280       0x18 /opt/microchip/mplabc32/v2.01/bin/../lib/gcc/pic32mx/4.5.1/../../../../pic32mx/lib/libmchp_peripheral_32MX360F512L.a(pcache.o)
                0x9d007280                CheKseg0CacheOff

.text.CheKseg0CacheOn
                0x9d007298       0x18
 .text.CheKseg0CacheOn
                0x9d007298       0x18 /opt/microchip/mplabc32/v2.01/bin/../lib/gcc/pic32mx/4.5.1/../../../../pic32mx/lib/libmchp_peripheral_32MX360F512L.a(pcache.o)
                0x9d007298                CheKseg0CacheOn

.text           0x9d0072b0       0x10
 .text          0x9d0072b0       0x10 /opt/microchip/mplabc32/v2.01/bin/../lib/gcc/pic32mx/4.5.1/../../../../pic32mx/lib/crt0.o
                0x9d0072b8                __crt0_exit

.text._general_exception_handler
                0x9d0072c0        0xc
 .text._general_exception_handler
                0x9d0072c0        0xc /opt/microchip/mplabc32/v2.01/bin/../lib/gcc/pic32mx/4.5.1/../../../../pic32mx/lib/libc.a(default-general-exception-handler.o)
                0x9d0072c0                _general_exception_handler

.text._bootstrap_exception_handler
                0x9d0072cc        0xc
 .text._bootstrap_exception_handler
                0x9d0072cc        0xc /opt/microchip/mplabc32/v2.01/bin/../lib/gcc/pic32mx/4.5.1/../../../../pic32mx/lib/libc.a(default-bootstrap-exception-handler.o)
                0x9d0072cc                _bootstrap_exception_handler

.rodata         0x9d0072d8        0x8
 .rodata        0x9d0072d8        0x8 build/default/production/_ext/1728301206/mylibrary-12-10-19.o

.text._on_reset
                0x9d0072e0        0x8
 .text._on_reset
                0x9d0072e0        0x8 /opt/microchip/mplabc32/v2.01/bin/../lib/gcc/pic32mx/4.5.1/../../../../pic32mx/lib/libc.a(default-on-reset.o)
                0x9d0072e0                _on_reset

.text._on_bootstrap
                0x9d0072e8        0x8
 .text._on_bootstrap
                0x9d0072e8        0x8 /opt/microchip/mplabc32/v2.01/bin/../lib/gcc/pic32mx/4.5.1/../../../../pic32mx/lib/libc.a(default-on-bootstrap.o)
                0x9d0072e8                _on_bootstrap

.text.INTDisableInterrupts
                0x9d0072f0        0x8
 .text.INTDisableInterrupts
                0x9d0072f0        0x8 /opt/microchip/mplabc32/v2.01/bin/../lib/gcc/pic32mx/4.5.1/../../../../pic32mx/lib/libmchp_peripheral_32MX360F512L.a(int_disable_interrupts_lib.o)
                0x9d0072f0                INTDisableInterrupts

.text%z78       0x00000000        0x0
 .text          0x00000000        0x0 /opt/microchip/mplabc32/v2.01/bin/../lib/gcc/pic32mx/4.5.1/../../../../pic32mx/lib/./proc/32MX360F512L/processor.o

.text%z79       0x00000000        0x0
 .text          0x00000000        0x0 /opt/microchip/mplabc32/v2.01/bin/../lib/gcc/pic32mx/4.5.1/../../../../pic32mx/lib/libmchp_peripheral_32MX360F512L.a(int_restore_interrupts_lib.o)

.text%z80       0x00000000        0x0
 .text          0x00000000        0x0 /opt/microchip/mplabc32/v2.01/bin/../lib/gcc/pic32mx/4.5.1/../../../../pic32mx/lib/libmchp_peripheral_32MX360F512L.a(int_disable_interrupts_lib.o)

.text%z81       0x00000000        0x0
 .text          0x00000000        0x0 /opt/microchip/mplabc32/v2.01/bin/../lib/gcc/pic32mx/4.5.1/../../../../pic32mx/lib/libmchp_peripheral_32MX360F512L.a(pcache.o)

.text%z82       0x00000000        0x0
 .text          0x00000000        0x0 /opt/microchip/mplabc32/v2.01/bin/../lib/gcc/pic32mx/4.5.1/../../../../pic32mx/lib/libc.a(default-on-bootstrap.o)

.text%z83       0x00000000        0x0
 .text          0x00000000        0x0 /opt/microchip/mplabc32/v2.01/bin/../lib/gcc/pic32mx/4.5.1/../../../../pic32mx/lib/libc.a(default-on-reset.o)

.text%z84       0x00000000        0x0
 .text          0x00000000        0x0 /opt/microchip/mplabc32/v2.01/bin/../lib/gcc/pic32mx/4.5.1/../../../../pic32mx/lib/libc.a(default-bootstrap-exception-handler.o)

.text%z85       0x00000000        0x0
 .text          0x00000000        0x0 /opt/microchip/mplabc32/v2.01/bin/../lib/gcc/pic32mx/4.5.1/../../../../pic32mx/lib/libc.a(default-general-exception-handler.o)

.text%z86       0x00000000        0x0
 .text          0x00000000        0x0 /opt/microchip/mplabc32/v2.01/bin/../lib/gcc/pic32mx/4.5.1/../../../../pic32mx/lib/libc.a(ctype.o)

.text%z87       0x00000000        0x0
 .text          0x00000000        0x0 /opt/microchip/mplabc32/v2.01/bin/../lib/gcc/pic32mx/4.5.1/../../../../pic32mx/lib/libc.a(general-exception.o)
